# {"cfg": "D:\\python1\\chapter2_LLM+RL_region_detection\\configs\\cc4_local_online_qwen.yaml", "region_id": 0, "device": "cpu", "steps_per_episode": 200, "episodes": 1, "seed": 0, "deterministic": true, "wm_path": "D:\\python1\\chapter2_LLM+RL_region_detection\\outputs\\cc4\\checkpoints\\world_model_region0.pt", "ppo_path": "D:\\python1\\chapter2_LLM+RL_region_detection\\outputs\\cc4\\checkpoints\\ppo_posterior_region0.pt"}

# ===== EPISODE 0 =====
[ep=00 t=0000] choose_plan=0 action=0 reward=-5.044 info={'t': 1, 'max_steps': 100}
[ep=00 t=0001] choose_plan=0 action=0 reward=-5.078 info={'t': 2, 'max_steps': 100}
[ep=00 t=0002] choose_plan=2 action=0 reward=-4.989 info={'t': 3, 'max_steps': 100}
[ep=00 t=0003] choose_plan=0 action=0 reward=-4.791 info={'t': 4, 'max_steps': 100}
[ep=00 t=0004] choose_plan=3 action=0 reward=-4.816 info={'t': 5, 'max_steps': 100}
[ep=00 t=0005] choose_plan=0 action=0 reward=-4.813 info={'t': 6, 'max_steps': 100}
[ep=00 t=0006] choose_plan=3 action=0 reward=-4.723 info={'t': 7, 'max_steps': 100}
[ep=00 t=0007] choose_plan=2 action=0 reward=-4.762 info={'t': 8, 'max_steps': 100}
[ep=00 t=0008] choose_plan=0 action=0 reward=-4.958 info={'t': 9, 'max_steps': 100}
[ep=00 t=0009] choose_plan=0 action=0 reward=-4.938 info={'t': 10, 'max_steps': 100}
[ep=00 t=0010] choose_plan=2 action=0 reward=-4.851 info={'t': 11, 'max_steps': 100}
[ep=00 t=0011] choose_plan=3 action=0 reward=-4.793 info={'t': 12, 'max_steps': 100}
[ep=00 t=0012] choose_plan=1 action=0 reward=-4.739 info={'t': 13, 'max_steps': 100}
[ep=00 t=0013] choose_plan=2 action=0 reward=-4.930 info={'t': 14, 'max_steps': 100}
[ep=00 t=0014] choose_plan=0 action=0 reward=-4.973 info={'t': 15, 'max_steps': 100}
[ep=00 t=0015] choose_plan=0 action=0 reward=-5.180 info={'t': 16, 'max_steps': 100}
[ep=00 t=0016] choose_plan=1 action=0 reward=-5.241 info={'t': 17, 'max_steps': 100}
[ep=00 t=0017] choose_plan=0 action=0 reward=-5.066 info={'t': 18, 'max_steps': 100}
[ep=00 t=0018] choose_plan=3 action=3 reward=-7.666 info={'t': 19, 'max_steps': 100}
[ep=00 t=0019] choose_plan=3 action=0 reward=-4.696 info={'t': 20, 'max_steps': 100}
[ep=00 t=0020] choose_plan=3 action=0 reward=-4.829 info={'t': 21, 'max_steps': 100}
[ep=00 t=0021] choose_plan=0 action=0 reward=-4.815 info={'t': 22, 'max_steps': 100}
[ep=00 t=0022] choose_plan=0 action=0 reward=-4.603 info={'t': 23, 'max_steps': 100}
[ep=00 t=0023] choose_plan=1 action=0 reward=-4.841 info={'t': 24, 'max_steps': 100}
[ep=00 t=0024] choose_plan=3 action=0 reward=-4.935 info={'t': 25, 'max_steps': 100}
[ep=00 t=0025] choose_plan=1 action=2 reward=-6.877 info={'t': 26, 'max_steps': 100}
[ep=00 t=0026] choose_plan=1 action=0 reward=-4.903 info={'t': 27, 'max_steps': 100}
[ep=00 t=0027] choose_plan=3 action=0 reward=-4.825 info={'t': 28, 'max_steps': 100}
[ep=00 t=0028] choose_plan=0 action=0 reward=-4.936 info={'t': 29, 'max_steps': 100}
[ep=00 t=0029] choose_plan=0 action=0 reward=-4.833 info={'t': 30, 'max_steps': 100}
[ep=00 t=0030] choose_plan=3 action=0 reward=-4.901 info={'t': 31, 'max_steps': 100}
[ep=00 t=0031] choose_plan=3 action=0 reward=-4.941 info={'t': 32, 'max_steps': 100}
[ep=00 t=0032] choose_plan=3 action=0 reward=-4.873 info={'t': 33, 'max_steps': 100}
[ep=00 t=0033] choose_plan=2 action=0 reward=-4.943 info={'t': 34, 'max_steps': 100}
[ep=00 t=0034] choose_plan=1 action=0 reward=-4.864 info={'t': 35, 'max_steps': 100}
[ep=00 t=0035] choose_plan=1 action=0 reward=-4.869 info={'t': 36, 'max_steps': 100}
[ep=00 t=0036] choose_plan=2 action=0 reward=-4.735 info={'t': 37, 'max_steps': 100}
[ep=00 t=0037] choose_plan=3 action=0 reward=-4.600 info={'t': 38, 'max_steps': 100}
[ep=00 t=0038] choose_plan=0 action=0 reward=-4.743 info={'t': 39, 'max_steps': 100}
[ep=00 t=0039] choose_plan=1 action=0 reward=-4.601 info={'t': 40, 'max_steps': 100}
[ep=00 t=0040] choose_plan=0 action=0 reward=-4.551 info={'t': 41, 'max_steps': 100}
[ep=00 t=0041] choose_plan=1 action=0 reward=-4.522 info={'t': 42, 'max_steps': 100}
[ep=00 t=0042] choose_plan=1 action=0 reward=-4.654 info={'t': 43, 'max_steps': 100}
[ep=00 t=0043] choose_plan=2 action=0 reward=-4.755 info={'t': 44, 'max_steps': 100}
[ep=00 t=0044] choose_plan=3 action=0 reward=-4.826 info={'t': 45, 'max_steps': 100}
[ep=00 t=0045] choose_plan=0 action=0 reward=-4.818 info={'t': 46, 'max_steps': 100}
[ep=00 t=0046] choose_plan=2 action=0 reward=-5.002 info={'t': 47, 'max_steps': 100}
[ep=00 t=0047] choose_plan=3 action=0 reward=-4.886 info={'t': 48, 'max_steps': 100}
[ep=00 t=0048] choose_plan=3 action=0 reward=-4.981 info={'t': 49, 'max_steps': 100}
[ep=00 t=0049] choose_plan=1 action=0 reward=-4.876 info={'t': 50, 'max_steps': 100}
[ep=00 t=0050] choose_plan=2 action=3 reward=-7.476 info={'t': 51, 'max_steps': 100}
[ep=00 t=0051] choose_plan=1 action=0 reward=-4.597 info={'t': 52, 'max_steps': 100}
[ep=00 t=0052] choose_plan=2 action=0 reward=-4.526 info={'t': 53, 'max_steps': 100}
[ep=00 t=0053] choose_plan=1 action=0 reward=-4.490 info={'t': 54, 'max_steps': 100}
[ep=00 t=0054] choose_plan=1 action=0 reward=-4.294 info={'t': 55, 'max_steps': 100}
[ep=00 t=0055] choose_plan=0 action=0 reward=-4.242 info={'t': 56, 'max_steps': 100}
[ep=00 t=0056] choose_plan=2 action=0 reward=-4.170 info={'t': 57, 'max_steps': 100}
[ep=00 t=0057] choose_plan=0 action=0 reward=-4.089 info={'t': 58, 'max_steps': 100}
[ep=00 t=0058] choose_plan=0 action=0 reward=-4.166 info={'t': 59, 'max_steps': 100}
[ep=00 t=0059] choose_plan=3 action=0 reward=-4.048 info={'t': 60, 'max_steps': 100}
[ep=00 t=0060] choose_plan=3 action=0 reward=-4.020 info={'t': 61, 'max_steps': 100}
[ep=00 t=0061] choose_plan=1 action=0 reward=-4.076 info={'t': 62, 'max_steps': 100}
[ep=00 t=0062] choose_plan=3 action=0 reward=-4.056 info={'t': 63, 'max_steps': 100}
[ep=00 t=0063] choose_plan=0 action=0 reward=-4.000 info={'t': 64, 'max_steps': 100}
[ep=00 t=0064] choose_plan=0 action=0 reward=-4.000 info={'t': 65, 'max_steps': 100}
[ep=00 t=0065] choose_plan=2 action=0 reward=-4.000 info={'t': 66, 'max_steps': 100}
[ep=00 t=0066] choose_plan=2 action=0 reward=-4.000 info={'t': 67, 'max_steps': 100}
[ep=00 t=0067] choose_plan=0 action=0 reward=-4.096 info={'t': 68, 'max_steps': 100}
[ep=00 t=0068] choose_plan=2 action=1 reward=-5.000 info={'t': 69, 'max_steps': 100}
[ep=00 t=0069] choose_plan=1 action=0 reward=-4.000 info={'t': 70, 'max_steps': 100}
[ep=00 t=0070] choose_plan=3 action=0 reward=-4.000 info={'t': 71, 'max_steps': 100}
[ep=00 t=0071] choose_plan=1 action=2 reward=-6.000 info={'t': 72, 'max_steps': 100}
[ep=00 t=0072] choose_plan=3 action=0 reward=-4.030 info={'t': 73, 'max_steps': 100}
[ep=00 t=0073] choose_plan=0 action=0 reward=-4.034 info={'t': 74, 'max_steps': 100}
[ep=00 t=0074] choose_plan=1 action=0 reward=-4.170 info={'t': 75, 'max_steps': 100}
[ep=00 t=0075] choose_plan=1 action=0 reward=-4.270 info={'t': 76, 'max_steps': 100}
[ep=00 t=0076] choose_plan=1 action=0 reward=-4.280 info={'t': 77, 'max_steps': 100}
[ep=00 t=0077] choose_plan=0 action=0 reward=-4.367 info={'t': 78, 'max_steps': 100}
[ep=00 t=0078] choose_plan=1 action=0 reward=-4.381 info={'t': 79, 'max_steps': 100}
[ep=00 t=0079] choose_plan=2 action=0 reward=-4.551 info={'t': 80, 'max_steps': 100}
[ep=00 t=0080] choose_plan=1 action=0 reward=-4.662 info={'t': 81, 'max_steps': 100}
[ep=00 t=0081] choose_plan=0 action=0 reward=-4.671 info={'t': 82, 'max_steps': 100}
[ep=00 t=0082] choose_plan=1 action=0 reward=-4.511 info={'t': 83, 'max_steps': 100}
[ep=00 t=0083] choose_plan=1 action=0 reward=-4.470 info={'t': 84, 'max_steps': 100}
[ep=00 t=0084] choose_plan=3 action=0 reward=-4.317 info={'t': 85, 'max_steps': 100}
[ep=00 t=0085] choose_plan=3 action=0 reward=-4.287 info={'t': 86, 'max_steps': 100}
[ep=00 t=0086] choose_plan=1 action=0 reward=-4.339 info={'t': 87, 'max_steps': 100}
[ep=00 t=0087] choose_plan=0 action=0 reward=-4.174 info={'t': 88, 'max_steps': 100}
[ep=00 t=0088] choose_plan=2 action=0 reward=-4.034 info={'t': 89, 'max_steps': 100}
[ep=00 t=0089] choose_plan=3 action=0 reward=-4.058 info={'t': 90, 'max_steps': 100}
[ep=00 t=0090] choose_plan=1 action=0 reward=-4.000 info={'t': 91, 'max_steps': 100}
[ep=00 t=0091] choose_plan=0 action=0 reward=-4.000 info={'t': 92, 'max_steps': 100}
[ep=00 t=0092] choose_plan=0 action=1 reward=-5.000 info={'t': 93, 'max_steps': 100}
[ep=00 t=0093] choose_plan=2 action=0 reward=-4.099 info={'t': 94, 'max_steps': 100}
[ep=00 t=0094] choose_plan=3 action=0 reward=-4.193 info={'t': 95, 'max_steps': 100}
[ep=00 t=0095] choose_plan=2 action=0 reward=-4.167 info={'t': 96, 'max_steps': 100}
[ep=00 t=0096] choose_plan=0 action=0 reward=-4.319 info={'t': 97, 'max_steps': 100}
[ep=00 t=0097] choose_plan=1 action=0 reward=-4.372 info={'t': 98, 'max_steps': 100}
[ep=00 t=0098] choose_plan=0 action=0 reward=-4.447 info={'t': 99, 'max_steps': 100}
[ep=00 t=0099] choose_plan=1 action=2 reward=-6.455 info={'t': 100, 'max_steps': 100}
# done at t=99
# episode_summary {"episode": 0, "reward_mean": -4.673902783877377, "reward_min": -7.666401477746047, "reward_max": -4.0, "steps": 100, "unique_actions": 4, "top5_actions": [[0, 93], [2, 3], [3, 2], [1, 2]]}

# ===== OVERALL =====
# overall_summary {"reward_mean": -4.673902783877377, "reward_min": -7.666401477746047, "reward_max": -4.0, "steps": 100, "unique_actions": 4, "top5_actions": [[0, 93], [2, 3], [3, 2], [1, 2]], "unique_choose_plan": 4, "top5_choose_plan": [[0, 30], [1, 28], [3, 24], [2, 18]]}
