# {"cfg": "D:\\python1\\chapter2_LLM+RL_region_detection\\configs\\cc4.yaml", "region_id": 1, "device": "cpu", "steps_per_episode": 100, "episodes": 3, "seed": 0, "deterministic": true, "wm_path": "D:\\python1\\chapter2_LLM+RL_region_detection\\checkpoints\\world_model_region1.pt", "ppo_path": "D:\\python1\\chapter2_LLM+RL_region_detection\\checkpoints\\ppo_posterior_region1.pt"}

# ===== EPISODE 0 =====
[ep=00 t=0000] choose_plan=0 action=2 reward=0.000 info={'src_file': 'apt_attack_path_1.json', 'orig_step': 14, 'zone': 'restricted_zone_a_subnet', 'action': 'Sleep', 'success': 'UNKNOWN', 'target_host': 'restricted_zone_a_subnet_server_host_0', 'risk': 0.06}
[ep=00 t=0001] choose_plan=2 action=0 reward=0.000 info={'src_file': 'apt_attack_path_1.json', 'orig_step': 15, 'zone': 'restricted_zone_a_subnet', 'action': 'Sleep', 'success': 'UNKNOWN', 'target_host': 'restricted_zone_a_subnet_server_host_0', 'risk': 0.039999999999999994}
[ep=00 t=0002] choose_plan=0 action=2 reward=0.000 info={'src_file': 'apt_attack_path_1.json', 'orig_step': 16, 'zone': 'restricted_zone_a_subnet', 'action': 'Sleep', 'success': 'UNKNOWN', 'target_host': 'restricted_zone_a_subnet_server_host_0', 'risk': 0.019999999999999993}
[ep=00 t=0003] choose_plan=0 action=0 reward=0.000 info={'src_file': 'apt_attack_path_1.json', 'orig_step': 17, 'zone': 'restricted_zone_a_subnet', 'action': 'ExploitRemoteService', 'success': 'TRUE', 'target_host': 'restricted_zone_a_subnet_server_host_0', 'risk': 0.09999999999999999}
[ep=00 t=0004] choose_plan=2 action=0 reward=0.000 info={'src_file': 'apt_attack_path_1.json', 'orig_step': 18, 'zone': 'restricted_zone_a_subnet', 'action': 'Sleep', 'success': 'UNKNOWN', 'target_host': 'restricted_zone_a_subnet_server_host_0', 'risk': 0.07999999999999999}
[ep=00 t=0005] choose_plan=2 action=0 reward=0.000 info={'src_file': 'apt_attack_path_1.json', 'orig_step': 19, 'zone': 'restricted_zone_a_subnet', 'action': 'Sleep', 'success': 'UNKNOWN', 'target_host': 'restricted_zone_a_subnet_server_host_0', 'risk': 0.059999999999999984}
[ep=00 t=0006] choose_plan=4 action=0 reward=0.000 info={'src_file': 'apt_attack_path_1.json', 'orig_step': 20, 'zone': 'restricted_zone_a_subnet', 'action': 'PrivilegeEscalate', 'success': 'TRUE', 'target_host': 'restricted_zone_a_subnet_server_host_0', 'risk': 0.11999999999999998}
[ep=00 t=0007] choose_plan=5 action=0 reward=0.000 info={'src_file': 'apt_attack_path_1.json', 'orig_step': 21, 'zone': 'restricted_zone_a_subnet', 'action': 'Sleep', 'success': 'UNKNOWN', 'target_host': 'restricted_zone_a_subnet_server_host_0', 'risk': 0.09999999999999998}
[ep=00 t=0008] choose_plan=2 action=4 reward=0.000 info={'src_file': 'apt_attack_path_1.json', 'orig_step': 22, 'zone': 'restricted_zone_a_subnet', 'action': 'Sleep', 'success': 'UNKNOWN', 'target_host': 'restricted_zone_a_subnet_server_host_0', 'risk': 0.07999999999999997}
[ep=00 t=0009] choose_plan=1 action=0 reward=0.000 info={'src_file': 'apt_attack_path_1.json', 'orig_step': 23, 'zone': 'restricted_zone_a_subnet', 'action': 'Sleep', 'success': 'UNKNOWN', 'target_host': 'restricted_zone_a_subnet_server_host_0', 'risk': 0.05999999999999997}
[ep=00 t=0010] choose_plan=3 action=2 reward=0.000 info={'src_file': 'apt_attack_path_1.json', 'orig_step': 24, 'zone': 'restricted_zone_a_subnet', 'action': 'Sleep', 'success': 'UNKNOWN', 'target_host': 'restricted_zone_a_subnet_server_host_0', 'risk': 0.039999999999999966}
[ep=00 t=0011] choose_plan=1 action=4 reward=0.000 info={'src_file': 'apt_attack_path_1.json', 'orig_step': 25, 'zone': 'restricted_zone_a_subnet', 'action': 'Sleep', 'success': 'UNKNOWN', 'target_host': 'restricted_zone_a_subnet_server_host_0', 'risk': 0.019999999999999966}
[ep=00 t=0012] choose_plan=1 action=0 reward=0.000 info={'src_file': 'apt_attack_path_1.json', 'orig_step': 26, 'zone': 'operational_zone_a_subnet', 'action': 'AggressiveServiceDiscovery', 'success': 'TRUE', 'target_host': 'operational_zone_a_subnet_server_host_0', 'risk': 0.04999999999999996}
[ep=00 t=0013] choose_plan=1 action=0 reward=0.000 info={'src_file': 'apt_attack_path_1.json', 'orig_step': 27, 'zone': 'operational_zone_a_subnet', 'action': 'Sleep', 'success': 'UNKNOWN', 'target_host': 'operational_zone_a_subnet_server_host_0', 'risk': 0.02999999999999996}
[ep=00 t=0014] choose_plan=5 action=2 reward=0.000 info={'src_file': 'apt_attack_path_1.json', 'orig_step': 28, 'zone': 'operational_zone_a_subnet', 'action': 'Sleep', 'success': 'UNKNOWN', 'target_host': 'operational_zone_a_subnet_server_host_0', 'risk': 0.00999999999999996}
[ep=00 t=0015] choose_plan=4 action=0 reward=0.000 info={'src_file': 'apt_attack_path_1.json', 'orig_step': 29, 'zone': 'operational_zone_a_subnet', 'action': 'Sleep', 'success': 'UNKNOWN', 'target_host': 'operational_zone_a_subnet_server_host_0', 'risk': 0.0}
[ep=00 t=0016] choose_plan=4 action=3 reward=0.000 info={'src_file': 'apt_attack_path_1.json', 'orig_step': 30, 'zone': 'operational_zone_a_subnet', 'action': 'ExploitRemoteService', 'success': 'TRUE', 'target_host': 'operational_zone_a_subnet_server_host_0', 'risk': 0.08}
[ep=00 t=0017] choose_plan=3 action=0 reward=0.000 info={'src_file': 'apt_attack_path_1.json', 'orig_step': 31, 'zone': 'operational_zone_a_subnet', 'action': 'Sleep', 'success': 'UNKNOWN', 'target_host': 'operational_zone_a_subnet_server_host_0', 'risk': 0.06}
[ep=00 t=0018] choose_plan=0 action=0 reward=0.000 info={'src_file': 'apt_attack_path_1.json', 'orig_step': 32, 'zone': 'operational_zone_a_subnet', 'action': 'Sleep', 'success': 'UNKNOWN', 'target_host': 'operational_zone_a_subnet_server_host_0', 'risk': 0.039999999999999994}
[ep=00 t=0019] choose_plan=0 action=0 reward=0.000 info={'src_file': 'apt_attack_path_1.json', 'orig_step': 33, 'zone': 'operational_zone_a_subnet', 'action': 'Sleep', 'success': 'UNKNOWN', 'target_host': 'operational_zone_a_subnet_server_host_0', 'risk': 0.019999999999999993}
[ep=00 t=0020] choose_plan=0 action=4 reward=0.000 info={'src_file': 'apt_attack_path_1.json', 'orig_step': 34, 'zone': 'operational_zone_a_subnet', 'action': 'Sleep', 'success': 'UNKNOWN', 'target_host': 'operational_zone_a_subnet_server_host_0', 'risk': 0.0}
[ep=00 t=0021] choose_plan=2 action=0 reward=0.000 info={'src_file': 'apt_attack_path_1.json', 'orig_step': 35, 'zone': 'operational_zone_a_subnet', 'action': 'PrivilegeEscalate', 'success': 'TRUE', 'target_host': 'operational_zone_a_subnet_server_host_0', 'risk': 0.06}
[ep=00 t=0022] choose_plan=4 action=0 reward=0.000 info={'src_file': 'apt_attack_path_1.json', 'orig_step': 36, 'zone': 'operational_zone_a_subnet', 'action': 'Sleep', 'success': 'UNKNOWN', 'target_host': 'operational_zone_a_subnet_server_host_0', 'risk': 0.039999999999999994}
[ep=00 t=0023] choose_plan=3 action=3 reward=0.000 info={'src_file': 'apt_attack_path_1.json', 'orig_step': 37, 'zone': 'operational_zone_a_subnet', 'action': 'Sleep', 'success': 'UNKNOWN', 'target_host': 'operational_zone_a_subnet_server_host_0', 'risk': 0.019999999999999993}
[ep=00 t=0024] choose_plan=5 action=4 reward=0.000 info={'src_file': 'apt_attack_path_1.json', 'orig_step': 38, 'zone': 'operational_zone_a_subnet', 'action': 'Sleep', 'success': 'UNKNOWN', 'target_host': 'operational_zone_a_subnet_server_host_0', 'risk': 0.0}
[ep=00 t=0025] choose_plan=4 action=4 reward=0.000 info={'src_file': 'apt_attack_path_1.json', 'orig_step': 39, 'zone': 'operational_zone_a_subnet', 'action': 'Sleep', 'success': 'UNKNOWN', 'target_host': 'operational_zone_a_subnet_server_host_0', 'risk': 0.0}
[ep=00 t=0026] choose_plan=4 action=0 reward=0.000 info={'src_file': 'apt_attack_path_1.json', 'orig_step': 40, 'zone': 'operational_zone_a_subnet', 'action': 'Sleep', 'success': 'UNKNOWN', 'target_host': 'operational_zone_a_subnet_server_host_0', 'risk': 0.0}
[ep=00 t=0027] choose_plan=0 action=2 reward=0.000 info={'src_file': 'apt_attack_path_1.json', 'orig_step': 41, 'zone': 'operational_zone_a_subnet', 'action': 'DegradeServices', 'success': 'TRUE', 'target_host': 'operational_zone_a_subnet_server_host_0', 'risk': 0.15}
[ep=00 t=0028] choose_plan=0 action=0 reward=0.000 info={'src_file': 'apt_attack_path_1.json', 'orig_step': 42, 'zone': 'operational_zone_a_subnet', 'action': 'Sleep', 'success': 'UNKNOWN', 'target_host': 'operational_zone_a_subnet_server_host_0', 'risk': 0.13}
[ep=00 t=0029] choose_plan=5 action=4 reward=0.000 info={'src_file': 'apt_attack_path_1.json', 'orig_step': 43, 'zone': 'operational_zone_a_subnet', 'action': 'Sleep', 'success': 'UNKNOWN', 'target_host': 'operational_zone_a_subnet_server_host_0', 'risk': 0.11}
[ep=00 t=0030] choose_plan=1 action=4 reward=0.000 info={'src_file': 'apt_attack_path_1.json', 'orig_step': 44, 'zone': 'operational_zone_a_subnet', 'action': 'Impact', 'success': 'TRUE', 'target_host': 'operational_zone_a_subnet_server_host_0', 'risk': 0.26}
[ep=00 t=0031] choose_plan=3 action=0 reward=0.000 info={'src_file': 'apt_attack_path_1.json', 'orig_step': 45, 'zone': 'operational_zone_a_subnet', 'action': 'Sleep', 'success': 'UNKNOWN', 'target_host': 'operational_zone_a_subnet_server_host_0', 'risk': 0.24000000000000002}
[ep=00 t=0032] choose_plan=5 action=0 reward=0.000 info={'src_file': 'apt_attack_path_1.json', 'orig_step': 46, 'zone': 'operational_zone_a_subnet', 'action': 'Sleep', 'success': 'UNKNOWN', 'target_host': 'operational_zone_a_subnet_server_host_0', 'risk': 0.22000000000000003}
[ep=00 t=0033] choose_plan=1 action=2 reward=0.000 info={'src_file': 'apt_attack_path_1.json', 'orig_step': 47, 'zone': 'operational_zone_a_subnet', 'action': 'Withdraw', 'success': 'TRUE', 'target_host': 'operational_zone_a_subnet_server_host_0', 'risk': 0.12000000000000002}
[ep=00 t=0034] choose_plan=0 action=0 reward=0.000 info={'src_file': 'apt_attack_path_1.json', 'orig_step': 48, 'zone': 'operational_zone_a_subnet', 'action': 'Sleep', 'success': 'UNKNOWN', 'target_host': 'operational_zone_a_subnet_server_host_0', 'risk': 0.10000000000000002}
[ep=00 t=0035] choose_plan=0 action=0 reward=0.000 info={'src_file': 'apt_attack_path_1.json', 'orig_step': 49, 'zone': 'operational_zone_a_subnet', 'action': 'Sleep', 'success': 'UNKNOWN', 'target_host': 'operational_zone_a_subnet_server_host_0', 'risk': 0.08000000000000002}
[ep=00 t=0036] choose_plan=1 action=4 reward=0.000 info={'src_file': 'apt_attack_path_1.json', 'orig_step': 50, 'zone': 'operational_zone_a_subnet', 'action': 'Sleep', 'success': 'UNKNOWN', 'target_host': 'operational_zone_a_subnet_server_host_0', 'risk': 0.06000000000000001}
[ep=00 t=0037] choose_plan=3 action=0 reward=0.000 info={'src_file': 'apt_attack_path_2.json', 'orig_step': 17, 'zone': 'restricted_zone_a_subnet', 'action': 'AggressiveServiceDiscovery', 'success': 'TRUE', 'target_host': 'restricted_zone_a_subnet_server_host_0', 'risk': 0.09000000000000001}
[ep=00 t=0038] choose_plan=1 action=0 reward=0.000 info={'src_file': 'apt_attack_path_2.json', 'orig_step': 18, 'zone': 'restricted_zone_a_subnet', 'action': 'ExploitRemoteService', 'success': 'TRUE', 'target_host': 'restricted_zone_a_subnet_server_host_0', 'risk': 0.17}
[ep=00 t=0039] choose_plan=2 action=3 reward=0.000 info={'src_file': 'apt_attack_path_2.json', 'orig_step': 19, 'zone': 'restricted_zone_a_subnet', 'action': 'Sleep', 'success': 'UNKNOWN', 'target_host': 'restricted_zone_a_subnet_server_host_0', 'risk': 0.15000000000000002}
[ep=00 t=0040] choose_plan=2 action=0 reward=0.000 info={'src_file': 'apt_attack_path_2.json', 'orig_step': 20, 'zone': 'restricted_zone_a_subnet', 'action': 'Sleep', 'success': 'UNKNOWN', 'target_host': 'restricted_zone_a_subnet_server_host_0', 'risk': 0.13000000000000003}
[ep=00 t=0041] choose_plan=2 action=4 reward=0.000 info={'src_file': 'apt_attack_path_2.json', 'orig_step': 21, 'zone': 'restricted_zone_a_subnet', 'action': 'Sleep', 'success': 'UNKNOWN', 'target_host': 'restricted_zone_a_subnet_server_host_0', 'risk': 0.11000000000000003}
[ep=00 t=0042] choose_plan=4 action=0 reward=0.000 info={'src_file': 'apt_attack_path_2.json', 'orig_step': 22, 'zone': 'restricted_zone_a_subnet', 'action': 'Sleep', 'success': 'UNKNOWN', 'target_host': 'restricted_zone_a_subnet_server_host_0', 'risk': 0.09000000000000002}
[ep=00 t=0043] choose_plan=2 action=0 reward=0.000 info={'src_file': 'apt_attack_path_2.json', 'orig_step': 23, 'zone': 'restricted_zone_a_subnet', 'action': 'Sleep', 'success': 'UNKNOWN', 'target_host': 'restricted_zone_a_subnet_server_host_0', 'risk': 0.07000000000000002}
[ep=00 t=0044] choose_plan=1 action=0 reward=0.000 info={'src_file': 'apt_attack_path_2.json', 'orig_step': 24, 'zone': 'restricted_zone_a_subnet', 'action': 'PrivilegeEscalate', 'success': 'TRUE', 'target_host': 'restricted_zone_a_subnet_server_host_0', 'risk': 0.13}
[ep=00 t=0045] choose_plan=2 action=4 reward=0.000 info={'src_file': 'apt_attack_path_2.json', 'orig_step': 25, 'zone': 'restricted_zone_a_subnet', 'action': 'Sleep', 'success': 'UNKNOWN', 'target_host': 'restricted_zone_a_subnet_server_host_0', 'risk': 0.11}
[ep=00 t=0046] choose_plan=1 action=1 reward=0.000 info={'src_file': 'apt_attack_path_2.json', 'orig_step': 26, 'zone': 'restricted_zone_a_subnet', 'action': 'Impact', 'success': 'TRUE', 'target_host': 'restricted_zone_a_subnet_server_host_0', 'risk': 0.26}
[ep=00 t=0047] choose_plan=5 action=0 reward=0.000 info={'src_file': 'apt_attack_path_2.json', 'orig_step': 27, 'zone': 'restricted_zone_a_subnet', 'action': 'Sleep', 'success': 'UNKNOWN', 'target_host': 'restricted_zone_a_subnet_server_host_0', 'risk': 0.24000000000000002}
[ep=00 t=0048] choose_plan=4 action=0 reward=0.000 info={'src_file': 'apt_attack_path_2.json', 'orig_step': 28, 'zone': 'restricted_zone_a_subnet', 'action': 'Sleep', 'success': 'UNKNOWN', 'target_host': 'restricted_zone_a_subnet_server_host_0', 'risk': 0.22000000000000003}
[ep=00 t=0049] choose_plan=1 action=4 reward=0.000 info={'src_file': 'apt_attack_path_2.json', 'orig_step': 29, 'zone': 'restricted_zone_a_subnet', 'action': 'Sleep', 'success': 'UNKNOWN', 'target_host': 'restricted_zone_a_subnet_server_host_0', 'risk': 0.20000000000000004}
[ep=00 t=0050] choose_plan=0 action=4 reward=0.000 info={'src_file': 'apt_attack_path_2.json', 'orig_step': 30, 'zone': 'restricted_zone_a_subnet', 'action': 'Sleep', 'success': 'UNKNOWN', 'target_host': 'restricted_zone_a_subnet_server_host_0', 'risk': 0.18000000000000005}
[ep=00 t=0051] choose_plan=3 action=0 reward=0.000 info={'src_file': 'apt_attack_path_2.json', 'orig_step': 31, 'zone': 'restricted_zone_a_subnet', 'action': 'Sleep', 'success': 'UNKNOWN', 'target_host': 'restricted_zone_a_subnet_server_host_0', 'risk': 0.16000000000000006}
[ep=00 t=0052] choose_plan=1 action=4 reward=0.000 info={'src_file': 'apt_attack_path_2.json', 'orig_step': 32, 'zone': 'restricted_zone_a_subnet', 'action': 'Sleep', 'success': 'UNKNOWN', 'target_host': 'restricted_zone_a_subnet_server_host_0', 'risk': 0.14000000000000007}
[ep=00 t=0053] choose_plan=4 action=4 reward=0.000 info={'src_file': 'apt_attack_path_2.json', 'orig_step': 33, 'zone': 'restricted_zone_a_subnet', 'action': 'Sleep', 'success': 'UNKNOWN', 'target_host': 'restricted_zone_a_subnet_server_host_0', 'risk': 0.12000000000000006}
[ep=00 t=0054] choose_plan=4 action=0 reward=0.000 info={'src_file': 'apt_attack_path_2.json', 'orig_step': 34, 'zone': 'restricted_zone_a_subnet', 'action': 'Sleep', 'success': 'UNKNOWN', 'target_host': 'restricted_zone_a_subnet_server_host_0', 'risk': 0.10000000000000006}
[ep=00 t=0055] choose_plan=0 action=0 reward=0.000 info={'src_file': 'apt_attack_path_2.json', 'orig_step': 35, 'zone': 'restricted_zone_a_subnet', 'action': 'Withdraw', 'success': 'TRUE', 'target_host': 'restricted_zone_a_subnet_server_host_0', 'risk': 5.551115123125783e-17}
[ep=00 t=0056] choose_plan=5 action=4 reward=0.000 info={'src_file': 'apt_attack_path_2.json', 'orig_step': 36, 'zone': 'restricted_zone_a_subnet', 'action': 'Sleep', 'success': 'UNKNOWN', 'target_host': 'restricted_zone_a_subnet_server_host_0', 'risk': 0.0}
[ep=00 t=0057] choose_plan=3 action=3 reward=0.000 info={'src_file': 'apt_attack_path_2.json', 'orig_step': 37, 'zone': 'restricted_zone_a_subnet', 'action': 'Sleep', 'success': 'UNKNOWN', 'target_host': 'restricted_zone_a_subnet_server_host_0', 'risk': 0.0}
[ep=00 t=0058] choose_plan=0 action=0 reward=0.000 info={'src_file': 'apt_attack_path_2.json', 'orig_step': 38, 'zone': 'restricted_zone_a_subnet', 'action': 'Sleep', 'success': 'UNKNOWN', 'target_host': 'restricted_zone_a_subnet_server_host_0', 'risk': 0.0}
[ep=00 t=0059] choose_plan=0 action=0 reward=0.000 info={'src_file': 'apt_attack_path_2.json', 'orig_step': 39, 'zone': 'restricted_zone_a_subnet', 'action': 'Sleep', 'success': 'UNKNOWN', 'target_host': 'restricted_zone_a_subnet_server_host_0', 'risk': 0.0}
[ep=00 t=0060] choose_plan=3 action=4 reward=0.000 info={'src_file': 'apt_attack_path_2.json', 'orig_step': 40, 'zone': 'restricted_zone_a_subnet', 'action': 'Sleep', 'success': 'UNKNOWN', 'target_host': 'restricted_zone_a_subnet_server_host_0', 'risk': 0.0}
[ep=00 t=0061] choose_plan=2 action=0 reward=0.000 info={'src_file': 'apt_attack_path_4.json', 'orig_step': 14, 'zone': 'restricted_zone_a_subnet', 'action': 'AggressiveServiceDiscovery', 'success': 'TRUE', 'target_host': 'restricted_zone_a_subnet_server_host_0', 'risk': 0.03}
[ep=00 t=0062] choose_plan=3 action=3 reward=0.000 info={'src_file': 'apt_attack_path_4.json', 'orig_step': 15, 'zone': 'restricted_zone_a_subnet', 'action': 'Sleep', 'success': 'UNKNOWN', 'target_host': 'restricted_zone_a_subnet_server_host_0', 'risk': 0.009999999999999998}
[ep=00 t=0063] choose_plan=1 action=4 reward=0.000 info={'src_file': 'apt_attack_path_4.json', 'orig_step': 16, 'zone': 'restricted_zone_a_subnet', 'action': 'Sleep', 'success': 'UNKNOWN', 'target_host': 'restricted_zone_a_subnet_server_host_0', 'risk': 0.0}
[ep=00 t=0064] choose_plan=2 action=0 reward=0.000 info={'src_file': 'apt_attack_path_4.json', 'orig_step': 17, 'zone': 'restricted_zone_a_subnet', 'action': 'ExploitRemoteService', 'success': 'TRUE', 'target_host': 'restricted_zone_a_subnet_server_host_0', 'risk': 0.08}
[ep=00 t=0065] choose_plan=5 action=0 reward=0.000 info={'src_file': 'apt_attack_path_4.json', 'orig_step': 18, 'zone': 'restricted_zone_a_subnet', 'action': 'Sleep', 'success': 'UNKNOWN', 'target_host': 'restricted_zone_a_subnet_server_host_0', 'risk': 0.06}
[ep=00 t=0066] choose_plan=3 action=4 reward=0.000 info={'src_file': 'apt_attack_path_4.json', 'orig_step': 19, 'zone': 'restricted_zone_a_subnet', 'action': 'Sleep', 'success': 'UNKNOWN', 'target_host': 'restricted_zone_a_subnet_server_host_0', 'risk': 0.039999999999999994}
[ep=00 t=0067] choose_plan=2 action=0 reward=0.000 info={'src_file': 'apt_attack_path_4.json', 'orig_step': 20, 'zone': 'restricted_zone_a_subnet', 'action': 'PrivilegeEscalate', 'success': 'TRUE', 'target_host': 'restricted_zone_a_subnet_server_host_0', 'risk': 0.09999999999999999}
[ep=00 t=0068] choose_plan=1 action=0 reward=0.000 info={'src_file': 'apt_attack_path_4.json', 'orig_step': 21, 'zone': 'restricted_zone_a_subnet', 'action': 'Sleep', 'success': 'UNKNOWN', 'target_host': 'restricted_zone_a_subnet_server_host_0', 'risk': 0.07999999999999999}
[ep=00 t=0069] choose_plan=1 action=0 reward=0.000 info={'src_file': 'apt_attack_path_4.json', 'orig_step': 22, 'zone': 'restricted_zone_a_subnet', 'action': 'DegradeServices', 'success': 'TRUE', 'target_host': 'restricted_zone_a_subnet_server_host_0', 'risk': 0.22999999999999998}
[ep=00 t=0070] choose_plan=5 action=2 reward=0.000 info={'src_file': 'apt_attack_path_4.json', 'orig_step': 23, 'zone': 'restricted_zone_a_subnet', 'action': 'Sleep', 'success': 'UNKNOWN', 'target_host': 'restricted_zone_a_subnet_server_host_0', 'risk': 0.21}
[ep=00 t=0071] choose_plan=1 action=3 reward=0.000 info={'src_file': 'apt_attack_path_4.json', 'orig_step': 24, 'zone': 'restricted_zone_a_subnet', 'action': 'Sleep', 'success': 'UNKNOWN', 'target_host': 'restricted_zone_a_subnet_server_host_0', 'risk': 0.19}
[ep=00 t=0072] choose_plan=5 action=0 reward=0.000 info={'src_file': 'apt_attack_path_5.json', 'orig_step': 15, 'zone': 'restricted_zone_a_subnet', 'action': 'AggressiveServiceDiscovery', 'success': 'TRUE', 'target_host': 'restricted_zone_a_subnet_server_host_0', 'risk': 0.22}
[ep=00 t=0073] choose_plan=4 action=1 reward=0.000 info={'src_file': 'apt_attack_path_5.json', 'orig_step': 16, 'zone': 'restricted_zone_a_subnet', 'action': 'Sleep', 'success': 'UNKNOWN', 'target_host': 'restricted_zone_a_subnet_server_host_0', 'risk': 0.2}
[ep=00 t=0074] choose_plan=2 action=3 reward=0.000 info={'src_file': 'apt_attack_path_5.json', 'orig_step': 17, 'zone': 'restricted_zone_a_subnet', 'action': 'Sleep', 'success': 'UNKNOWN', 'target_host': 'restricted_zone_a_subnet_server_host_0', 'risk': 0.18000000000000002}
[ep=00 t=0075] choose_plan=2 action=4 reward=0.000 info={'src_file': 'apt_attack_path_5.json', 'orig_step': 18, 'zone': 'restricted_zone_a_subnet', 'action': 'Sleep', 'success': 'UNKNOWN', 'target_host': 'restricted_zone_a_subnet_server_host_0', 'risk': 0.16000000000000003}
[ep=00 t=0076] choose_plan=1 action=0 reward=0.000 info={'src_file': 'apt_attack_path_5.json', 'orig_step': 19, 'zone': 'restricted_zone_a_subnet', 'action': 'ExploitRemoteService', 'success': 'TRUE', 'target_host': 'restricted_zone_a_subnet_server_host_0', 'risk': 0.24000000000000005}
[ep=00 t=0077] choose_plan=4 action=0 reward=0.000 info={'src_file': 'apt_attack_path_5.json', 'orig_step': 20, 'zone': 'restricted_zone_a_subnet', 'action': 'Sleep', 'success': 'UNKNOWN', 'target_host': 'restricted_zone_a_subnet_server_host_0', 'risk': 0.22000000000000006}
[ep=00 t=0078] choose_plan=0 action=0 reward=0.000 info={'src_file': 'apt_attack_path_5.json', 'orig_step': 21, 'zone': 'restricted_zone_a_subnet', 'action': 'Sleep', 'success': 'UNKNOWN', 'target_host': 'restricted_zone_a_subnet_server_host_0', 'risk': 0.20000000000000007}
[ep=00 t=0079] choose_plan=0 action=0 reward=0.000 info={'src_file': 'apt_attack_path_5.json', 'orig_step': 22, 'zone': 'restricted_zone_a_subnet', 'action': 'Sleep', 'success': 'UNKNOWN', 'target_host': 'restricted_zone_a_subnet_server_host_0', 'risk': 0.18000000000000008}
[ep=00 t=0080] choose_plan=1 action=1 reward=0.000 info={'src_file': 'apt_attack_path_5.json', 'orig_step': 23, 'zone': 'restricted_zone_a_subnet', 'action': 'PrivilegeEscalate', 'success': 'TRUE', 'target_host': 'restricted_zone_a_subnet_server_host_0', 'risk': 0.24000000000000007}
[ep=00 t=0081] choose_plan=0 action=0 reward=0.000 info={'src_file': 'apt_attack_path_5.json', 'orig_step': 24, 'zone': 'restricted_zone_a_subnet', 'action': 'Sleep', 'success': 'UNKNOWN', 'target_host': 'restricted_zone_a_subnet_server_host_0', 'risk': 0.22000000000000008}
[ep=00 t=0082] choose_plan=4 action=0 reward=0.000 info={'src_file': 'apt_attack_path_5.json', 'orig_step': 25, 'zone': 'restricted_zone_a_subnet', 'action': 'Sleep', 'success': 'UNKNOWN', 'target_host': 'restricted_zone_a_subnet_server_host_0', 'risk': 0.2000000000000001}
[ep=00 t=0083] choose_plan=5 action=2 reward=0.000 info={'src_file': 'apt_attack_path_5.json', 'orig_step': 26, 'zone': 'restricted_zone_a_subnet', 'action': 'Sleep', 'success': 'UNKNOWN', 'target_host': 'restricted_zone_a_subnet_server_host_0', 'risk': 0.1800000000000001}
[ep=00 t=0084] choose_plan=5 action=0 reward=0.000 info={'src_file': 'apt_attack_path_5.json', 'orig_step': 27, 'zone': 'restricted_zone_a_subnet', 'action': 'Impact', 'success': 'TRUE', 'target_host': 'restricted_zone_a_subnet_server_host_0', 'risk': 0.33000000000000007}
[ep=00 t=0085] choose_plan=1 action=4 reward=0.000 info={'src_file': 'apt_attack_path_5.json', 'orig_step': 28, 'zone': 'restricted_zone_a_subnet', 'action': 'Sleep', 'success': 'UNKNOWN', 'target_host': 'restricted_zone_a_subnet_server_host_0', 'risk': 0.31000000000000005}
[ep=00 t=0086] choose_plan=4 action=4 reward=0.000 info={'src_file': 'apt_attack_path_5.json', 'orig_step': 29, 'zone': 'restricted_zone_a_subnet', 'action': 'Withdraw', 'success': 'TRUE', 'target_host': 'restricted_zone_a_subnet_server_host_0', 'risk': 0.21000000000000005}
[ep=00 t=0087] choose_plan=4 action=3 reward=0.000 info={'src_file': 'apt_attack_path_5.json', 'orig_step': 30, 'zone': 'restricted_zone_a_subnet', 'action': 'Sleep', 'success': 'UNKNOWN', 'target_host': 'restricted_zone_a_subnet_server_host_0', 'risk': 0.19000000000000006}
[ep=00 t=0088] choose_plan=5 action=0 reward=0.000 info={'src_file': 'apt_attack_path_5.json', 'orig_step': 31, 'zone': 'restricted_zone_a_subnet', 'action': 'Sleep', 'success': 'UNKNOWN', 'target_host': 'restricted_zone_a_subnet_server_host_0', 'risk': 0.17000000000000007}
[ep=00 t=0089] choose_plan=1 action=0 reward=0.000 info={'src_file': 'apt_attack_path_5.json', 'orig_step': 32, 'zone': 'restricted_zone_a_subnet', 'action': 'Sleep', 'success': 'UNKNOWN', 'target_host': 'restricted_zone_a_subnet_server_host_0', 'risk': 0.15000000000000008}
[ep=00 t=0090] choose_plan=0 action=3 reward=0.000 info={'src_file': 'apt_attack_path_7.json', 'orig_step': 15, 'zone': 'restricted_zone_a_subnet', 'action': 'AggressiveServiceDiscovery', 'success': 'TRUE', 'target_host': 'restricted_zone_a_subnet_server_host_0', 'risk': 0.18000000000000008}
[ep=00 t=0091] choose_plan=0 action=0 reward=0.000 info={'src_file': 'apt_attack_path_7.json', 'orig_step': 16, 'zone': 'restricted_zone_a_subnet', 'action': 'Sleep', 'success': 'UNKNOWN', 'target_host': 'restricted_zone_a_subnet_server_host_0', 'risk': 0.1600000000000001}
[ep=00 t=0092] choose_plan=5 action=4 reward=0.000 info={'src_file': 'apt_attack_path_7.json', 'orig_step': 17, 'zone': 'restricted_zone_a_subnet', 'action': 'ExploitRemoteService', 'success': 'TRUE', 'target_host': 'restricted_zone_a_subnet_server_host_0', 'risk': 0.2400000000000001}
[ep=00 t=0093] choose_plan=1 action=0 reward=0.000 info={'src_file': 'apt_attack_path_7.json', 'orig_step': 18, 'zone': 'restricted_zone_a_subnet', 'action': 'Sleep', 'success': 'UNKNOWN', 'target_host': 'restricted_zone_a_subnet_server_host_0', 'risk': 0.2200000000000001}
[ep=00 t=0094] choose_plan=1 action=0 reward=0.000 info={'src_file': 'apt_attack_path_7.json', 'orig_step': 19, 'zone': 'restricted_zone_a_subnet', 'action': 'Sleep', 'success': 'UNKNOWN', 'target_host': 'restricted_zone_a_subnet_server_host_0', 'risk': 0.20000000000000012}
[ep=00 t=0095] choose_plan=1 action=0 reward=0.000 info={'src_file': 'apt_attack_path_7.json', 'orig_step': 20, 'zone': 'restricted_zone_a_subnet', 'action': 'Sleep', 'success': 'UNKNOWN', 'target_host': 'restricted_zone_a_subnet_server_host_0', 'risk': 0.18000000000000013}
[ep=00 t=0096] choose_plan=3 action=0 reward=0.000 info={'src_file': 'apt_attack_path_7.json', 'orig_step': 21, 'zone': 'restricted_zone_a_subnet', 'action': 'PrivilegeEscalate', 'success': 'TRUE', 'target_host': 'restricted_zone_a_subnet_server_host_0', 'risk': 0.24000000000000013}
[ep=00 t=0097] choose_plan=1 action=0 reward=0.000 info={'src_file': 'apt_attack_path_7.json', 'orig_step': 22, 'zone': 'restricted_zone_a_subnet', 'action': 'Sleep', 'success': 'UNKNOWN', 'target_host': 'restricted_zone_a_subnet_server_host_0', 'risk': 0.22000000000000014}
[ep=00 t=0098] choose_plan=0 action=0 reward=0.000 info={'src_file': 'apt_attack_path_7.json', 'orig_step': 23, 'zone': 'restricted_zone_a_subnet', 'action': 'Sleep', 'success': 'UNKNOWN', 'target_host': 'restricted_zone_a_subnet_server_host_0', 'risk': 0.20000000000000015}
[ep=00 t=0099] choose_plan=1 action=4 reward=0.000 info={'src_file': 'apt_attack_path_7.json', 'orig_step': 24, 'zone': 'restricted_zone_a_subnet', 'action': 'Withdraw', 'success': 'TRUE', 'target_host': 'restricted_zone_a_subnet_server_host_0', 'risk': 0.10000000000000014}
# episode_summary {"episode": 0, "reward_mean": 0.0, "reward_min": 0.0, "reward_max": 0.0, "steps": 100, "unique_actions": 5, "top5_actions": [[0, 57], [4, 23], [3, 9], [2, 8], [1, 3]]}

# ===== EPISODE 1 =====
[ep=01 t=0000] choose_plan=3 action=0 reward=0.000 info={'src_file': 'apt_attack_path_1.json', 'orig_step': 14, 'zone': 'restricted_zone_a_subnet', 'action': 'Sleep', 'success': 'UNKNOWN', 'target_host': 'restricted_zone_a_subnet_server_host_0', 'risk': 0.06}
[ep=01 t=0001] choose_plan=5 action=3 reward=0.000 info={'src_file': 'apt_attack_path_1.json', 'orig_step': 15, 'zone': 'restricted_zone_a_subnet', 'action': 'Sleep', 'success': 'UNKNOWN', 'target_host': 'restricted_zone_a_subnet_server_host_0', 'risk': 0.039999999999999994}
[ep=01 t=0002] choose_plan=1 action=0 reward=0.000 info={'src_file': 'apt_attack_path_1.json', 'orig_step': 16, 'zone': 'restricted_zone_a_subnet', 'action': 'Sleep', 'success': 'UNKNOWN', 'target_host': 'restricted_zone_a_subnet_server_host_0', 'risk': 0.019999999999999993}
[ep=01 t=0003] choose_plan=3 action=0 reward=0.000 info={'src_file': 'apt_attack_path_1.json', 'orig_step': 17, 'zone': 'restricted_zone_a_subnet', 'action': 'ExploitRemoteService', 'success': 'TRUE', 'target_host': 'restricted_zone_a_subnet_server_host_0', 'risk': 0.09999999999999999}
[ep=01 t=0004] choose_plan=1 action=0 reward=0.000 info={'src_file': 'apt_attack_path_1.json', 'orig_step': 18, 'zone': 'restricted_zone_a_subnet', 'action': 'Sleep', 'success': 'UNKNOWN', 'target_host': 'restricted_zone_a_subnet_server_host_0', 'risk': 0.07999999999999999}
[ep=01 t=0005] choose_plan=3 action=0 reward=0.000 info={'src_file': 'apt_attack_path_1.json', 'orig_step': 19, 'zone': 'restricted_zone_a_subnet', 'action': 'Sleep', 'success': 'UNKNOWN', 'target_host': 'restricted_zone_a_subnet_server_host_0', 'risk': 0.059999999999999984}
[ep=01 t=0006] choose_plan=4 action=4 reward=0.000 info={'src_file': 'apt_attack_path_1.json', 'orig_step': 20, 'zone': 'restricted_zone_a_subnet', 'action': 'PrivilegeEscalate', 'success': 'TRUE', 'target_host': 'restricted_zone_a_subnet_server_host_0', 'risk': 0.11999999999999998}
[ep=01 t=0007] choose_plan=4 action=0 reward=0.000 info={'src_file': 'apt_attack_path_1.json', 'orig_step': 21, 'zone': 'restricted_zone_a_subnet', 'action': 'Sleep', 'success': 'UNKNOWN', 'target_host': 'restricted_zone_a_subnet_server_host_0', 'risk': 0.09999999999999998}
[ep=01 t=0008] choose_plan=1 action=2 reward=0.000 info={'src_file': 'apt_attack_path_1.json', 'orig_step': 22, 'zone': 'restricted_zone_a_subnet', 'action': 'Sleep', 'success': 'UNKNOWN', 'target_host': 'restricted_zone_a_subnet_server_host_0', 'risk': 0.07999999999999997}
[ep=01 t=0009] choose_plan=0 action=4 reward=0.000 info={'src_file': 'apt_attack_path_1.json', 'orig_step': 23, 'zone': 'restricted_zone_a_subnet', 'action': 'Sleep', 'success': 'UNKNOWN', 'target_host': 'restricted_zone_a_subnet_server_host_0', 'risk': 0.05999999999999997}
[ep=01 t=0010] choose_plan=1 action=0 reward=0.000 info={'src_file': 'apt_attack_path_1.json', 'orig_step': 24, 'zone': 'restricted_zone_a_subnet', 'action': 'Sleep', 'success': 'UNKNOWN', 'target_host': 'restricted_zone_a_subnet_server_host_0', 'risk': 0.039999999999999966}
[ep=01 t=0011] choose_plan=1 action=0 reward=0.000 info={'src_file': 'apt_attack_path_1.json', 'orig_step': 25, 'zone': 'restricted_zone_a_subnet', 'action': 'Sleep', 'success': 'UNKNOWN', 'target_host': 'restricted_zone_a_subnet_server_host_0', 'risk': 0.019999999999999966}
[ep=01 t=0012] choose_plan=2 action=4 reward=0.000 info={'src_file': 'apt_attack_path_1.json', 'orig_step': 26, 'zone': 'operational_zone_a_subnet', 'action': 'AggressiveServiceDiscovery', 'success': 'TRUE', 'target_host': 'operational_zone_a_subnet_server_host_0', 'risk': 0.04999999999999996}
[ep=01 t=0013] choose_plan=5 action=0 reward=0.000 info={'src_file': 'apt_attack_path_1.json', 'orig_step': 27, 'zone': 'operational_zone_a_subnet', 'action': 'Sleep', 'success': 'UNKNOWN', 'target_host': 'operational_zone_a_subnet_server_host_0', 'risk': 0.02999999999999996}
[ep=01 t=0014] choose_plan=4 action=0 reward=0.000 info={'src_file': 'apt_attack_path_1.json', 'orig_step': 28, 'zone': 'operational_zone_a_subnet', 'action': 'Sleep', 'success': 'UNKNOWN', 'target_host': 'operational_zone_a_subnet_server_host_0', 'risk': 0.00999999999999996}
[ep=01 t=0015] choose_plan=0 action=1 reward=0.000 info={'src_file': 'apt_attack_path_1.json', 'orig_step': 29, 'zone': 'operational_zone_a_subnet', 'action': 'Sleep', 'success': 'UNKNOWN', 'target_host': 'operational_zone_a_subnet_server_host_0', 'risk': 0.0}
[ep=01 t=0016] choose_plan=0 action=0 reward=0.000 info={'src_file': 'apt_attack_path_1.json', 'orig_step': 30, 'zone': 'operational_zone_a_subnet', 'action': 'ExploitRemoteService', 'success': 'TRUE', 'target_host': 'operational_zone_a_subnet_server_host_0', 'risk': 0.08}
[ep=01 t=0017] choose_plan=5 action=4 reward=0.000 info={'src_file': 'apt_attack_path_1.json', 'orig_step': 31, 'zone': 'operational_zone_a_subnet', 'action': 'Sleep', 'success': 'UNKNOWN', 'target_host': 'operational_zone_a_subnet_server_host_0', 'risk': 0.06}
[ep=01 t=0018] choose_plan=2 action=0 reward=0.000 info={'src_file': 'apt_attack_path_1.json', 'orig_step': 32, 'zone': 'operational_zone_a_subnet', 'action': 'Sleep', 'success': 'UNKNOWN', 'target_host': 'operational_zone_a_subnet_server_host_0', 'risk': 0.039999999999999994}
[ep=01 t=0019] choose_plan=2 action=0 reward=0.000 info={'src_file': 'apt_attack_path_1.json', 'orig_step': 33, 'zone': 'operational_zone_a_subnet', 'action': 'Sleep', 'success': 'UNKNOWN', 'target_host': 'operational_zone_a_subnet_server_host_0', 'risk': 0.019999999999999993}
[ep=01 t=0020] choose_plan=1 action=4 reward=0.000 info={'src_file': 'apt_attack_path_1.json', 'orig_step': 34, 'zone': 'operational_zone_a_subnet', 'action': 'Sleep', 'success': 'UNKNOWN', 'target_host': 'operational_zone_a_subnet_server_host_0', 'risk': 0.0}
[ep=01 t=0021] choose_plan=1 action=0 reward=0.000 info={'src_file': 'apt_attack_path_1.json', 'orig_step': 35, 'zone': 'operational_zone_a_subnet', 'action': 'PrivilegeEscalate', 'success': 'TRUE', 'target_host': 'operational_zone_a_subnet_server_host_0', 'risk': 0.06}
[ep=01 t=0022] choose_plan=5 action=0 reward=0.000 info={'src_file': 'apt_attack_path_1.json', 'orig_step': 36, 'zone': 'operational_zone_a_subnet', 'action': 'Sleep', 'success': 'UNKNOWN', 'target_host': 'operational_zone_a_subnet_server_host_0', 'risk': 0.039999999999999994}
[ep=01 t=0023] choose_plan=1 action=0 reward=0.000 info={'src_file': 'apt_attack_path_1.json', 'orig_step': 37, 'zone': 'operational_zone_a_subnet', 'action': 'Sleep', 'success': 'UNKNOWN', 'target_host': 'operational_zone_a_subnet_server_host_0', 'risk': 0.019999999999999993}
[ep=01 t=0024] choose_plan=4 action=0 reward=0.000 info={'src_file': 'apt_attack_path_1.json', 'orig_step': 38, 'zone': 'operational_zone_a_subnet', 'action': 'Sleep', 'success': 'UNKNOWN', 'target_host': 'operational_zone_a_subnet_server_host_0', 'risk': 0.0}
[ep=01 t=0025] choose_plan=1 action=2 reward=0.000 info={'src_file': 'apt_attack_path_1.json', 'orig_step': 39, 'zone': 'operational_zone_a_subnet', 'action': 'Sleep', 'success': 'UNKNOWN', 'target_host': 'operational_zone_a_subnet_server_host_0', 'risk': 0.0}
[ep=01 t=0026] choose_plan=1 action=0 reward=0.000 info={'src_file': 'apt_attack_path_1.json', 'orig_step': 40, 'zone': 'operational_zone_a_subnet', 'action': 'Sleep', 'success': 'UNKNOWN', 'target_host': 'operational_zone_a_subnet_server_host_0', 'risk': 0.0}
[ep=01 t=0027] choose_plan=3 action=0 reward=0.000 info={'src_file': 'apt_attack_path_1.json', 'orig_step': 41, 'zone': 'operational_zone_a_subnet', 'action': 'DegradeServices', 'success': 'TRUE', 'target_host': 'operational_zone_a_subnet_server_host_0', 'risk': 0.15}
[ep=01 t=0028] choose_plan=2 action=4 reward=0.000 info={'src_file': 'apt_attack_path_1.json', 'orig_step': 42, 'zone': 'operational_zone_a_subnet', 'action': 'Sleep', 'success': 'UNKNOWN', 'target_host': 'operational_zone_a_subnet_server_host_0', 'risk': 0.13}
[ep=01 t=0029] choose_plan=2 action=0 reward=0.000 info={'src_file': 'apt_attack_path_1.json', 'orig_step': 43, 'zone': 'operational_zone_a_subnet', 'action': 'Sleep', 'success': 'UNKNOWN', 'target_host': 'operational_zone_a_subnet_server_host_0', 'risk': 0.11}
[ep=01 t=0030] choose_plan=1 action=0 reward=0.000 info={'src_file': 'apt_attack_path_1.json', 'orig_step': 44, 'zone': 'operational_zone_a_subnet', 'action': 'Impact', 'success': 'TRUE', 'target_host': 'operational_zone_a_subnet_server_host_0', 'risk': 0.26}
[ep=01 t=0031] choose_plan=5 action=0 reward=0.000 info={'src_file': 'apt_attack_path_1.json', 'orig_step': 45, 'zone': 'operational_zone_a_subnet', 'action': 'Sleep', 'success': 'UNKNOWN', 'target_host': 'operational_zone_a_subnet_server_host_0', 'risk': 0.24000000000000002}
[ep=01 t=0032] choose_plan=2 action=4 reward=0.000 info={'src_file': 'apt_attack_path_1.json', 'orig_step': 46, 'zone': 'operational_zone_a_subnet', 'action': 'Sleep', 'success': 'UNKNOWN', 'target_host': 'operational_zone_a_subnet_server_host_0', 'risk': 0.22000000000000003}
[ep=01 t=0033] choose_plan=2 action=0 reward=0.000 info={'src_file': 'apt_attack_path_1.json', 'orig_step': 47, 'zone': 'operational_zone_a_subnet', 'action': 'Withdraw', 'success': 'TRUE', 'target_host': 'operational_zone_a_subnet_server_host_0', 'risk': 0.12000000000000002}
[ep=01 t=0034] choose_plan=4 action=4 reward=0.000 info={'src_file': 'apt_attack_path_1.json', 'orig_step': 48, 'zone': 'operational_zone_a_subnet', 'action': 'Sleep', 'success': 'UNKNOWN', 'target_host': 'operational_zone_a_subnet_server_host_0', 'risk': 0.10000000000000002}
[ep=01 t=0035] choose_plan=3 action=0 reward=0.000 info={'src_file': 'apt_attack_path_1.json', 'orig_step': 49, 'zone': 'operational_zone_a_subnet', 'action': 'Sleep', 'success': 'UNKNOWN', 'target_host': 'operational_zone_a_subnet_server_host_0', 'risk': 0.08000000000000002}
[ep=01 t=0036] choose_plan=3 action=0 reward=0.000 info={'src_file': 'apt_attack_path_1.json', 'orig_step': 50, 'zone': 'operational_zone_a_subnet', 'action': 'Sleep', 'success': 'UNKNOWN', 'target_host': 'operational_zone_a_subnet_server_host_0', 'risk': 0.06000000000000001}
[ep=01 t=0037] choose_plan=4 action=0 reward=0.000 info={'src_file': 'apt_attack_path_2.json', 'orig_step': 17, 'zone': 'restricted_zone_a_subnet', 'action': 'AggressiveServiceDiscovery', 'success': 'TRUE', 'target_host': 'restricted_zone_a_subnet_server_host_0', 'risk': 0.09000000000000001}
[ep=01 t=0038] choose_plan=1 action=0 reward=0.000 info={'src_file': 'apt_attack_path_2.json', 'orig_step': 18, 'zone': 'restricted_zone_a_subnet', 'action': 'ExploitRemoteService', 'success': 'TRUE', 'target_host': 'restricted_zone_a_subnet_server_host_0', 'risk': 0.17}
[ep=01 t=0039] choose_plan=1 action=0 reward=0.000 info={'src_file': 'apt_attack_path_2.json', 'orig_step': 19, 'zone': 'restricted_zone_a_subnet', 'action': 'Sleep', 'success': 'UNKNOWN', 'target_host': 'restricted_zone_a_subnet_server_host_0', 'risk': 0.15000000000000002}
[ep=01 t=0040] choose_plan=0 action=4 reward=0.000 info={'src_file': 'apt_attack_path_2.json', 'orig_step': 20, 'zone': 'restricted_zone_a_subnet', 'action': 'Sleep', 'success': 'UNKNOWN', 'target_host': 'restricted_zone_a_subnet_server_host_0', 'risk': 0.13000000000000003}
[ep=01 t=0041] choose_plan=5 action=0 reward=0.000 info={'src_file': 'apt_attack_path_2.json', 'orig_step': 21, 'zone': 'restricted_zone_a_subnet', 'action': 'Sleep', 'success': 'UNKNOWN', 'target_host': 'restricted_zone_a_subnet_server_host_0', 'risk': 0.11000000000000003}
[ep=01 t=0042] choose_plan=5 action=4 reward=0.000 info={'src_file': 'apt_attack_path_2.json', 'orig_step': 22, 'zone': 'restricted_zone_a_subnet', 'action': 'Sleep', 'success': 'UNKNOWN', 'target_host': 'restricted_zone_a_subnet_server_host_0', 'risk': 0.09000000000000002}
[ep=01 t=0043] choose_plan=4 action=4 reward=0.000 info={'src_file': 'apt_attack_path_2.json', 'orig_step': 23, 'zone': 'restricted_zone_a_subnet', 'action': 'Sleep', 'success': 'UNKNOWN', 'target_host': 'restricted_zone_a_subnet_server_host_0', 'risk': 0.07000000000000002}
[ep=01 t=0044] choose_plan=4 action=3 reward=0.000 info={'src_file': 'apt_attack_path_2.json', 'orig_step': 24, 'zone': 'restricted_zone_a_subnet', 'action': 'PrivilegeEscalate', 'success': 'TRUE', 'target_host': 'restricted_zone_a_subnet_server_host_0', 'risk': 0.13}
[ep=01 t=0045] choose_plan=0 action=0 reward=0.000 info={'src_file': 'apt_attack_path_2.json', 'orig_step': 25, 'zone': 'restricted_zone_a_subnet', 'action': 'Sleep', 'success': 'UNKNOWN', 'target_host': 'restricted_zone_a_subnet_server_host_0', 'risk': 0.11}
[ep=01 t=0046] choose_plan=2 action=0 reward=0.000 info={'src_file': 'apt_attack_path_2.json', 'orig_step': 26, 'zone': 'restricted_zone_a_subnet', 'action': 'Impact', 'success': 'TRUE', 'target_host': 'restricted_zone_a_subnet_server_host_0', 'risk': 0.26}
[ep=01 t=0047] choose_plan=1 action=0 reward=0.000 info={'src_file': 'apt_attack_path_2.json', 'orig_step': 27, 'zone': 'restricted_zone_a_subnet', 'action': 'Sleep', 'success': 'UNKNOWN', 'target_host': 'restricted_zone_a_subnet_server_host_0', 'risk': 0.24000000000000002}
[ep=01 t=0048] choose_plan=0 action=0 reward=0.000 info={'src_file': 'apt_attack_path_2.json', 'orig_step': 28, 'zone': 'restricted_zone_a_subnet', 'action': 'Sleep', 'success': 'UNKNOWN', 'target_host': 'restricted_zone_a_subnet_server_host_0', 'risk': 0.22000000000000003}
[ep=01 t=0049] choose_plan=0 action=4 reward=0.000 info={'src_file': 'apt_attack_path_2.json', 'orig_step': 29, 'zone': 'restricted_zone_a_subnet', 'action': 'Sleep', 'success': 'UNKNOWN', 'target_host': 'restricted_zone_a_subnet_server_host_0', 'risk': 0.20000000000000004}
[ep=01 t=0050] choose_plan=2 action=4 reward=0.000 info={'src_file': 'apt_attack_path_2.json', 'orig_step': 30, 'zone': 'restricted_zone_a_subnet', 'action': 'Sleep', 'success': 'UNKNOWN', 'target_host': 'restricted_zone_a_subnet_server_host_0', 'risk': 0.18000000000000005}
[ep=01 t=0051] choose_plan=3 action=4 reward=0.000 info={'src_file': 'apt_attack_path_2.json', 'orig_step': 31, 'zone': 'restricted_zone_a_subnet', 'action': 'Sleep', 'success': 'UNKNOWN', 'target_host': 'restricted_zone_a_subnet_server_host_0', 'risk': 0.16000000000000006}
[ep=01 t=0052] choose_plan=5 action=0 reward=0.000 info={'src_file': 'apt_attack_path_2.json', 'orig_step': 32, 'zone': 'restricted_zone_a_subnet', 'action': 'Sleep', 'success': 'UNKNOWN', 'target_host': 'restricted_zone_a_subnet_server_host_0', 'risk': 0.14000000000000007}
[ep=01 t=0053] choose_plan=5 action=0 reward=0.000 info={'src_file': 'apt_attack_path_2.json', 'orig_step': 33, 'zone': 'restricted_zone_a_subnet', 'action': 'Sleep', 'success': 'UNKNOWN', 'target_host': 'restricted_zone_a_subnet_server_host_0', 'risk': 0.12000000000000006}
[ep=01 t=0054] choose_plan=2 action=3 reward=0.000 info={'src_file': 'apt_attack_path_2.json', 'orig_step': 34, 'zone': 'restricted_zone_a_subnet', 'action': 'Sleep', 'success': 'UNKNOWN', 'target_host': 'restricted_zone_a_subnet_server_host_0', 'risk': 0.10000000000000006}
[ep=01 t=0055] choose_plan=3 action=2 reward=0.000 info={'src_file': 'apt_attack_path_2.json', 'orig_step': 35, 'zone': 'restricted_zone_a_subnet', 'action': 'Withdraw', 'success': 'TRUE', 'target_host': 'restricted_zone_a_subnet_server_host_0', 'risk': 5.551115123125783e-17}
[ep=01 t=0056] choose_plan=3 action=4 reward=0.000 info={'src_file': 'apt_attack_path_2.json', 'orig_step': 36, 'zone': 'restricted_zone_a_subnet', 'action': 'Sleep', 'success': 'UNKNOWN', 'target_host': 'restricted_zone_a_subnet_server_host_0', 'risk': 0.0}
[ep=01 t=0057] choose_plan=0 action=0 reward=0.000 info={'src_file': 'apt_attack_path_2.json', 'orig_step': 37, 'zone': 'restricted_zone_a_subnet', 'action': 'Sleep', 'success': 'UNKNOWN', 'target_host': 'restricted_zone_a_subnet_server_host_0', 'risk': 0.0}
[ep=01 t=0058] choose_plan=3 action=3 reward=0.000 info={'src_file': 'apt_attack_path_2.json', 'orig_step': 38, 'zone': 'restricted_zone_a_subnet', 'action': 'Sleep', 'success': 'UNKNOWN', 'target_host': 'restricted_zone_a_subnet_server_host_0', 'risk': 0.0}
[ep=01 t=0059] choose_plan=1 action=0 reward=0.000 info={'src_file': 'apt_attack_path_2.json', 'orig_step': 39, 'zone': 'restricted_zone_a_subnet', 'action': 'Sleep', 'success': 'UNKNOWN', 'target_host': 'restricted_zone_a_subnet_server_host_0', 'risk': 0.0}
[ep=01 t=0060] choose_plan=0 action=0 reward=0.000 info={'src_file': 'apt_attack_path_2.json', 'orig_step': 40, 'zone': 'restricted_zone_a_subnet', 'action': 'Sleep', 'success': 'UNKNOWN', 'target_host': 'restricted_zone_a_subnet_server_host_0', 'risk': 0.0}
[ep=01 t=0061] choose_plan=0 action=0 reward=0.000 info={'src_file': 'apt_attack_path_4.json', 'orig_step': 14, 'zone': 'restricted_zone_a_subnet', 'action': 'AggressiveServiceDiscovery', 'success': 'TRUE', 'target_host': 'restricted_zone_a_subnet_server_host_0', 'risk': 0.03}
[ep=01 t=0062] choose_plan=4 action=4 reward=0.000 info={'src_file': 'apt_attack_path_4.json', 'orig_step': 15, 'zone': 'restricted_zone_a_subnet', 'action': 'Sleep', 'success': 'UNKNOWN', 'target_host': 'restricted_zone_a_subnet_server_host_0', 'risk': 0.009999999999999998}
[ep=01 t=0063] choose_plan=4 action=4 reward=0.000 info={'src_file': 'apt_attack_path_4.json', 'orig_step': 16, 'zone': 'restricted_zone_a_subnet', 'action': 'Sleep', 'success': 'UNKNOWN', 'target_host': 'restricted_zone_a_subnet_server_host_0', 'risk': 0.0}
[ep=01 t=0064] choose_plan=1 action=0 reward=0.000 info={'src_file': 'apt_attack_path_4.json', 'orig_step': 17, 'zone': 'restricted_zone_a_subnet', 'action': 'ExploitRemoteService', 'success': 'TRUE', 'target_host': 'restricted_zone_a_subnet_server_host_0', 'risk': 0.08}
[ep=01 t=0065] choose_plan=0 action=0 reward=0.000 info={'src_file': 'apt_attack_path_4.json', 'orig_step': 18, 'zone': 'restricted_zone_a_subnet', 'action': 'Sleep', 'success': 'UNKNOWN', 'target_host': 'restricted_zone_a_subnet_server_host_0', 'risk': 0.06}
[ep=01 t=0066] choose_plan=1 action=0 reward=0.000 info={'src_file': 'apt_attack_path_4.json', 'orig_step': 19, 'zone': 'restricted_zone_a_subnet', 'action': 'Sleep', 'success': 'UNKNOWN', 'target_host': 'restricted_zone_a_subnet_server_host_0', 'risk': 0.039999999999999994}
[ep=01 t=0067] choose_plan=1 action=0 reward=0.000 info={'src_file': 'apt_attack_path_4.json', 'orig_step': 20, 'zone': 'restricted_zone_a_subnet', 'action': 'PrivilegeEscalate', 'success': 'TRUE', 'target_host': 'restricted_zone_a_subnet_server_host_0', 'risk': 0.09999999999999999}
[ep=01 t=0068] choose_plan=3 action=3 reward=0.000 info={'src_file': 'apt_attack_path_4.json', 'orig_step': 21, 'zone': 'restricted_zone_a_subnet', 'action': 'Sleep', 'success': 'UNKNOWN', 'target_host': 'restricted_zone_a_subnet_server_host_0', 'risk': 0.07999999999999999}
[ep=01 t=0069] choose_plan=0 action=2 reward=0.000 info={'src_file': 'apt_attack_path_4.json', 'orig_step': 22, 'zone': 'restricted_zone_a_subnet', 'action': 'DegradeServices', 'success': 'TRUE', 'target_host': 'restricted_zone_a_subnet_server_host_0', 'risk': 0.22999999999999998}
[ep=01 t=0070] choose_plan=0 action=0 reward=0.000 info={'src_file': 'apt_attack_path_4.json', 'orig_step': 23, 'zone': 'restricted_zone_a_subnet', 'action': 'Sleep', 'success': 'UNKNOWN', 'target_host': 'restricted_zone_a_subnet_server_host_0', 'risk': 0.21}
[ep=01 t=0071] choose_plan=0 action=4 reward=0.000 info={'src_file': 'apt_attack_path_4.json', 'orig_step': 24, 'zone': 'restricted_zone_a_subnet', 'action': 'Sleep', 'success': 'UNKNOWN', 'target_host': 'restricted_zone_a_subnet_server_host_0', 'risk': 0.19}
[ep=01 t=0072] choose_plan=4 action=2 reward=0.000 info={'src_file': 'apt_attack_path_5.json', 'orig_step': 15, 'zone': 'restricted_zone_a_subnet', 'action': 'AggressiveServiceDiscovery', 'success': 'TRUE', 'target_host': 'restricted_zone_a_subnet_server_host_0', 'risk': 0.22}
[ep=01 t=0073] choose_plan=3 action=4 reward=0.000 info={'src_file': 'apt_attack_path_5.json', 'orig_step': 16, 'zone': 'restricted_zone_a_subnet', 'action': 'Sleep', 'success': 'UNKNOWN', 'target_host': 'restricted_zone_a_subnet_server_host_0', 'risk': 0.2}
[ep=01 t=0074] choose_plan=5 action=2 reward=0.000 info={'src_file': 'apt_attack_path_5.json', 'orig_step': 17, 'zone': 'restricted_zone_a_subnet', 'action': 'Sleep', 'success': 'UNKNOWN', 'target_host': 'restricted_zone_a_subnet_server_host_0', 'risk': 0.18000000000000002}
[ep=01 t=0075] choose_plan=0 action=2 reward=0.000 info={'src_file': 'apt_attack_path_5.json', 'orig_step': 18, 'zone': 'restricted_zone_a_subnet', 'action': 'Sleep', 'success': 'UNKNOWN', 'target_host': 'restricted_zone_a_subnet_server_host_0', 'risk': 0.16000000000000003}
[ep=01 t=0076] choose_plan=0 action=0 reward=0.000 info={'src_file': 'apt_attack_path_5.json', 'orig_step': 19, 'zone': 'restricted_zone_a_subnet', 'action': 'ExploitRemoteService', 'success': 'TRUE', 'target_host': 'restricted_zone_a_subnet_server_host_0', 'risk': 0.24000000000000005}
[ep=01 t=0077] choose_plan=1 action=0 reward=0.000 info={'src_file': 'apt_attack_path_5.json', 'orig_step': 20, 'zone': 'restricted_zone_a_subnet', 'action': 'Sleep', 'success': 'UNKNOWN', 'target_host': 'restricted_zone_a_subnet_server_host_0', 'risk': 0.22000000000000006}
[ep=01 t=0078] choose_plan=0 action=0 reward=0.000 info={'src_file': 'apt_attack_path_5.json', 'orig_step': 21, 'zone': 'restricted_zone_a_subnet', 'action': 'Sleep', 'success': 'UNKNOWN', 'target_host': 'restricted_zone_a_subnet_server_host_0', 'risk': 0.20000000000000007}
[ep=01 t=0079] choose_plan=0 action=0 reward=0.000 info={'src_file': 'apt_attack_path_5.json', 'orig_step': 22, 'zone': 'restricted_zone_a_subnet', 'action': 'Sleep', 'success': 'UNKNOWN', 'target_host': 'restricted_zone_a_subnet_server_host_0', 'risk': 0.18000000000000008}
[ep=01 t=0080] choose_plan=3 action=0 reward=0.000 info={'src_file': 'apt_attack_path_5.json', 'orig_step': 23, 'zone': 'restricted_zone_a_subnet', 'action': 'PrivilegeEscalate', 'success': 'TRUE', 'target_host': 'restricted_zone_a_subnet_server_host_0', 'risk': 0.24000000000000007}
[ep=01 t=0081] choose_plan=1 action=4 reward=0.000 info={'src_file': 'apt_attack_path_5.json', 'orig_step': 24, 'zone': 'restricted_zone_a_subnet', 'action': 'Sleep', 'success': 'UNKNOWN', 'target_host': 'restricted_zone_a_subnet_server_host_0', 'risk': 0.22000000000000008}
[ep=01 t=0082] choose_plan=0 action=0 reward=0.000 info={'src_file': 'apt_attack_path_5.json', 'orig_step': 25, 'zone': 'restricted_zone_a_subnet', 'action': 'Sleep', 'success': 'UNKNOWN', 'target_host': 'restricted_zone_a_subnet_server_host_0', 'risk': 0.2000000000000001}
[ep=01 t=0083] choose_plan=2 action=0 reward=0.000 info={'src_file': 'apt_attack_path_5.json', 'orig_step': 26, 'zone': 'restricted_zone_a_subnet', 'action': 'Sleep', 'success': 'UNKNOWN', 'target_host': 'restricted_zone_a_subnet_server_host_0', 'risk': 0.1800000000000001}
[ep=01 t=0084] choose_plan=2 action=0 reward=0.000 info={'src_file': 'apt_attack_path_5.json', 'orig_step': 27, 'zone': 'restricted_zone_a_subnet', 'action': 'Impact', 'success': 'TRUE', 'target_host': 'restricted_zone_a_subnet_server_host_0', 'risk': 0.33000000000000007}
[ep=01 t=0085] choose_plan=0 action=0 reward=0.000 info={'src_file': 'apt_attack_path_5.json', 'orig_step': 28, 'zone': 'restricted_zone_a_subnet', 'action': 'Sleep', 'success': 'UNKNOWN', 'target_host': 'restricted_zone_a_subnet_server_host_0', 'risk': 0.31000000000000005}
[ep=01 t=0086] choose_plan=1 action=2 reward=0.000 info={'src_file': 'apt_attack_path_5.json', 'orig_step': 29, 'zone': 'restricted_zone_a_subnet', 'action': 'Withdraw', 'success': 'TRUE', 'target_host': 'restricted_zone_a_subnet_server_host_0', 'risk': 0.21000000000000005}
[ep=01 t=0087] choose_plan=4 action=0 reward=0.000 info={'src_file': 'apt_attack_path_5.json', 'orig_step': 30, 'zone': 'restricted_zone_a_subnet', 'action': 'Sleep', 'success': 'UNKNOWN', 'target_host': 'restricted_zone_a_subnet_server_host_0', 'risk': 0.19000000000000006}
[ep=01 t=0088] choose_plan=4 action=1 reward=0.000 info={'src_file': 'apt_attack_path_5.json', 'orig_step': 31, 'zone': 'restricted_zone_a_subnet', 'action': 'Sleep', 'success': 'UNKNOWN', 'target_host': 'restricted_zone_a_subnet_server_host_0', 'risk': 0.17000000000000007}
[ep=01 t=0089] choose_plan=2 action=0 reward=0.000 info={'src_file': 'apt_attack_path_5.json', 'orig_step': 32, 'zone': 'restricted_zone_a_subnet', 'action': 'Sleep', 'success': 'UNKNOWN', 'target_host': 'restricted_zone_a_subnet_server_host_0', 'risk': 0.15000000000000008}
[ep=01 t=0090] choose_plan=3 action=0 reward=0.000 info={'src_file': 'apt_attack_path_7.json', 'orig_step': 15, 'zone': 'restricted_zone_a_subnet', 'action': 'AggressiveServiceDiscovery', 'success': 'TRUE', 'target_host': 'restricted_zone_a_subnet_server_host_0', 'risk': 0.18000000000000008}
[ep=01 t=0091] choose_plan=4 action=0 reward=0.000 info={'src_file': 'apt_attack_path_7.json', 'orig_step': 16, 'zone': 'restricted_zone_a_subnet', 'action': 'Sleep', 'success': 'UNKNOWN', 'target_host': 'restricted_zone_a_subnet_server_host_0', 'risk': 0.1600000000000001}
[ep=01 t=0092] choose_plan=4 action=4 reward=0.000 info={'src_file': 'apt_attack_path_7.json', 'orig_step': 17, 'zone': 'restricted_zone_a_subnet', 'action': 'ExploitRemoteService', 'success': 'TRUE', 'target_host': 'restricted_zone_a_subnet_server_host_0', 'risk': 0.2400000000000001}
[ep=01 t=0093] choose_plan=0 action=4 reward=0.000 info={'src_file': 'apt_attack_path_7.json', 'orig_step': 18, 'zone': 'restricted_zone_a_subnet', 'action': 'Sleep', 'success': 'UNKNOWN', 'target_host': 'restricted_zone_a_subnet_server_host_0', 'risk': 0.2200000000000001}
[ep=01 t=0094] choose_plan=5 action=0 reward=0.000 info={'src_file': 'apt_attack_path_7.json', 'orig_step': 19, 'zone': 'restricted_zone_a_subnet', 'action': 'Sleep', 'success': 'UNKNOWN', 'target_host': 'restricted_zone_a_subnet_server_host_0', 'risk': 0.20000000000000012}
[ep=01 t=0095] choose_plan=2 action=4 reward=0.000 info={'src_file': 'apt_attack_path_7.json', 'orig_step': 20, 'zone': 'restricted_zone_a_subnet', 'action': 'Sleep', 'success': 'UNKNOWN', 'target_host': 'restricted_zone_a_subnet_server_host_0', 'risk': 0.18000000000000013}
[ep=01 t=0096] choose_plan=2 action=0 reward=0.000 info={'src_file': 'apt_attack_path_7.json', 'orig_step': 21, 'zone': 'restricted_zone_a_subnet', 'action': 'PrivilegeEscalate', 'success': 'TRUE', 'target_host': 'restricted_zone_a_subnet_server_host_0', 'risk': 0.24000000000000013}
[ep=01 t=0097] choose_plan=2 action=4 reward=0.000 info={'src_file': 'apt_attack_path_7.json', 'orig_step': 22, 'zone': 'restricted_zone_a_subnet', 'action': 'Sleep', 'success': 'UNKNOWN', 'target_host': 'restricted_zone_a_subnet_server_host_0', 'risk': 0.22000000000000014}
[ep=01 t=0098] choose_plan=2 action=4 reward=0.000 info={'src_file': 'apt_attack_path_7.json', 'orig_step': 23, 'zone': 'restricted_zone_a_subnet', 'action': 'Sleep', 'success': 'UNKNOWN', 'target_host': 'restricted_zone_a_subnet_server_host_0', 'risk': 0.20000000000000015}
[ep=01 t=0099] choose_plan=0 action=0 reward=0.000 info={'src_file': 'apt_attack_path_7.json', 'orig_step': 24, 'zone': 'restricted_zone_a_subnet', 'action': 'Withdraw', 'success': 'TRUE', 'target_host': 'restricted_zone_a_subnet_server_host_0', 'risk': 0.10000000000000014}
# episode_summary {"episode": 1, "reward_mean": 0.0, "reward_min": 0.0, "reward_max": 0.0, "steps": 100, "unique_actions": 5, "top5_actions": [[0, 60], [4, 25], [2, 8], [3, 5], [1, 2]]}

# ===== EPISODE 2 =====
[ep=02 t=0000] choose_plan=3 action=3 reward=0.000 info={'src_file': 'apt_attack_path_1.json', 'orig_step': 14, 'zone': 'restricted_zone_a_subnet', 'action': 'Sleep', 'success': 'UNKNOWN', 'target_host': 'restricted_zone_a_subnet_server_host_0', 'risk': 0.06}
[ep=02 t=0001] choose_plan=2 action=4 reward=0.000 info={'src_file': 'apt_attack_path_1.json', 'orig_step': 15, 'zone': 'restricted_zone_a_subnet', 'action': 'Sleep', 'success': 'UNKNOWN', 'target_host': 'restricted_zone_a_subnet_server_host_0', 'risk': 0.039999999999999994}
[ep=02 t=0002] choose_plan=2 action=0 reward=0.000 info={'src_file': 'apt_attack_path_1.json', 'orig_step': 16, 'zone': 'restricted_zone_a_subnet', 'action': 'Sleep', 'success': 'UNKNOWN', 'target_host': 'restricted_zone_a_subnet_server_host_0', 'risk': 0.019999999999999993}
[ep=02 t=0003] choose_plan=2 action=4 reward=0.000 info={'src_file': 'apt_attack_path_1.json', 'orig_step': 17, 'zone': 'restricted_zone_a_subnet', 'action': 'ExploitRemoteService', 'success': 'TRUE', 'target_host': 'restricted_zone_a_subnet_server_host_0', 'risk': 0.09999999999999999}
[ep=02 t=0004] choose_plan=0 action=0 reward=0.000 info={'src_file': 'apt_attack_path_1.json', 'orig_step': 18, 'zone': 'restricted_zone_a_subnet', 'action': 'Sleep', 'success': 'UNKNOWN', 'target_host': 'restricted_zone_a_subnet_server_host_0', 'risk': 0.07999999999999999}
[ep=02 t=0005] choose_plan=4 action=0 reward=0.000 info={'src_file': 'apt_attack_path_1.json', 'orig_step': 19, 'zone': 'restricted_zone_a_subnet', 'action': 'Sleep', 'success': 'UNKNOWN', 'target_host': 'restricted_zone_a_subnet_server_host_0', 'risk': 0.059999999999999984}
[ep=02 t=0006] choose_plan=0 action=4 reward=0.000 info={'src_file': 'apt_attack_path_1.json', 'orig_step': 20, 'zone': 'restricted_zone_a_subnet', 'action': 'PrivilegeEscalate', 'success': 'TRUE', 'target_host': 'restricted_zone_a_subnet_server_host_0', 'risk': 0.11999999999999998}
[ep=02 t=0007] choose_plan=0 action=0 reward=0.000 info={'src_file': 'apt_attack_path_1.json', 'orig_step': 21, 'zone': 'restricted_zone_a_subnet', 'action': 'Sleep', 'success': 'UNKNOWN', 'target_host': 'restricted_zone_a_subnet_server_host_0', 'risk': 0.09999999999999998}
[ep=02 t=0008] choose_plan=3 action=0 reward=0.000 info={'src_file': 'apt_attack_path_1.json', 'orig_step': 22, 'zone': 'restricted_zone_a_subnet', 'action': 'Sleep', 'success': 'UNKNOWN', 'target_host': 'restricted_zone_a_subnet_server_host_0', 'risk': 0.07999999999999997}
[ep=02 t=0009] choose_plan=2 action=0 reward=0.000 info={'src_file': 'apt_attack_path_1.json', 'orig_step': 23, 'zone': 'restricted_zone_a_subnet', 'action': 'Sleep', 'success': 'UNKNOWN', 'target_host': 'restricted_zone_a_subnet_server_host_0', 'risk': 0.05999999999999997}
[ep=02 t=0010] choose_plan=4 action=0 reward=0.000 info={'src_file': 'apt_attack_path_1.json', 'orig_step': 24, 'zone': 'restricted_zone_a_subnet', 'action': 'Sleep', 'success': 'UNKNOWN', 'target_host': 'restricted_zone_a_subnet_server_host_0', 'risk': 0.039999999999999966}
[ep=02 t=0011] choose_plan=1 action=0 reward=0.000 info={'src_file': 'apt_attack_path_1.json', 'orig_step': 25, 'zone': 'restricted_zone_a_subnet', 'action': 'Sleep', 'success': 'UNKNOWN', 'target_host': 'restricted_zone_a_subnet_server_host_0', 'risk': 0.019999999999999966}
[ep=02 t=0012] choose_plan=4 action=4 reward=0.000 info={'src_file': 'apt_attack_path_1.json', 'orig_step': 26, 'zone': 'operational_zone_a_subnet', 'action': 'AggressiveServiceDiscovery', 'success': 'TRUE', 'target_host': 'operational_zone_a_subnet_server_host_0', 'risk': 0.04999999999999996}
[ep=02 t=0013] choose_plan=5 action=4 reward=0.000 info={'src_file': 'apt_attack_path_1.json', 'orig_step': 27, 'zone': 'operational_zone_a_subnet', 'action': 'Sleep', 'success': 'UNKNOWN', 'target_host': 'operational_zone_a_subnet_server_host_0', 'risk': 0.02999999999999996}
[ep=02 t=0014] choose_plan=1 action=0 reward=0.000 info={'src_file': 'apt_attack_path_1.json', 'orig_step': 28, 'zone': 'operational_zone_a_subnet', 'action': 'Sleep', 'success': 'UNKNOWN', 'target_host': 'operational_zone_a_subnet_server_host_0', 'risk': 0.00999999999999996}
[ep=02 t=0015] choose_plan=2 action=4 reward=0.000 info={'src_file': 'apt_attack_path_1.json', 'orig_step': 29, 'zone': 'operational_zone_a_subnet', 'action': 'Sleep', 'success': 'UNKNOWN', 'target_host': 'operational_zone_a_subnet_server_host_0', 'risk': 0.0}
[ep=02 t=0016] choose_plan=2 action=0 reward=0.000 info={'src_file': 'apt_attack_path_1.json', 'orig_step': 30, 'zone': 'operational_zone_a_subnet', 'action': 'ExploitRemoteService', 'success': 'TRUE', 'target_host': 'operational_zone_a_subnet_server_host_0', 'risk': 0.08}
[ep=02 t=0017] choose_plan=0 action=0 reward=0.000 info={'src_file': 'apt_attack_path_1.json', 'orig_step': 31, 'zone': 'operational_zone_a_subnet', 'action': 'Sleep', 'success': 'UNKNOWN', 'target_host': 'operational_zone_a_subnet_server_host_0', 'risk': 0.06}
[ep=02 t=0018] choose_plan=0 action=0 reward=0.000 info={'src_file': 'apt_attack_path_1.json', 'orig_step': 32, 'zone': 'operational_zone_a_subnet', 'action': 'Sleep', 'success': 'UNKNOWN', 'target_host': 'operational_zone_a_subnet_server_host_0', 'risk': 0.039999999999999994}
[ep=02 t=0019] choose_plan=3 action=0 reward=0.000 info={'src_file': 'apt_attack_path_1.json', 'orig_step': 33, 'zone': 'operational_zone_a_subnet', 'action': 'Sleep', 'success': 'UNKNOWN', 'target_host': 'operational_zone_a_subnet_server_host_0', 'risk': 0.019999999999999993}
[ep=02 t=0020] choose_plan=5 action=4 reward=0.000 info={'src_file': 'apt_attack_path_1.json', 'orig_step': 34, 'zone': 'operational_zone_a_subnet', 'action': 'Sleep', 'success': 'UNKNOWN', 'target_host': 'operational_zone_a_subnet_server_host_0', 'risk': 0.0}
[ep=02 t=0021] choose_plan=5 action=0 reward=0.000 info={'src_file': 'apt_attack_path_1.json', 'orig_step': 35, 'zone': 'operational_zone_a_subnet', 'action': 'PrivilegeEscalate', 'success': 'TRUE', 'target_host': 'operational_zone_a_subnet_server_host_0', 'risk': 0.06}
[ep=02 t=0022] choose_plan=3 action=0 reward=0.000 info={'src_file': 'apt_attack_path_1.json', 'orig_step': 36, 'zone': 'operational_zone_a_subnet', 'action': 'Sleep', 'success': 'UNKNOWN', 'target_host': 'operational_zone_a_subnet_server_host_0', 'risk': 0.039999999999999994}
[ep=02 t=0023] choose_plan=2 action=0 reward=0.000 info={'src_file': 'apt_attack_path_1.json', 'orig_step': 37, 'zone': 'operational_zone_a_subnet', 'action': 'Sleep', 'success': 'UNKNOWN', 'target_host': 'operational_zone_a_subnet_server_host_0', 'risk': 0.019999999999999993}
[ep=02 t=0024] choose_plan=0 action=0 reward=0.000 info={'src_file': 'apt_attack_path_1.json', 'orig_step': 38, 'zone': 'operational_zone_a_subnet', 'action': 'Sleep', 'success': 'UNKNOWN', 'target_host': 'operational_zone_a_subnet_server_host_0', 'risk': 0.0}
[ep=02 t=0025] choose_plan=1 action=3 reward=0.000 info={'src_file': 'apt_attack_path_1.json', 'orig_step': 39, 'zone': 'operational_zone_a_subnet', 'action': 'Sleep', 'success': 'UNKNOWN', 'target_host': 'operational_zone_a_subnet_server_host_0', 'risk': 0.0}
[ep=02 t=0026] choose_plan=5 action=0 reward=0.000 info={'src_file': 'apt_attack_path_1.json', 'orig_step': 40, 'zone': 'operational_zone_a_subnet', 'action': 'Sleep', 'success': 'UNKNOWN', 'target_host': 'operational_zone_a_subnet_server_host_0', 'risk': 0.0}
[ep=02 t=0027] choose_plan=4 action=0 reward=0.000 info={'src_file': 'apt_attack_path_1.json', 'orig_step': 41, 'zone': 'operational_zone_a_subnet', 'action': 'DegradeServices', 'success': 'TRUE', 'target_host': 'operational_zone_a_subnet_server_host_0', 'risk': 0.15}
[ep=02 t=0028] choose_plan=0 action=0 reward=0.000 info={'src_file': 'apt_attack_path_1.json', 'orig_step': 42, 'zone': 'operational_zone_a_subnet', 'action': 'Sleep', 'success': 'UNKNOWN', 'target_host': 'operational_zone_a_subnet_server_host_0', 'risk': 0.13}
[ep=02 t=0029] choose_plan=5 action=0 reward=0.000 info={'src_file': 'apt_attack_path_1.json', 'orig_step': 43, 'zone': 'operational_zone_a_subnet', 'action': 'Sleep', 'success': 'UNKNOWN', 'target_host': 'operational_zone_a_subnet_server_host_0', 'risk': 0.11}
[ep=02 t=0030] choose_plan=3 action=0 reward=0.000 info={'src_file': 'apt_attack_path_1.json', 'orig_step': 44, 'zone': 'operational_zone_a_subnet', 'action': 'Impact', 'success': 'TRUE', 'target_host': 'operational_zone_a_subnet_server_host_0', 'risk': 0.26}
[ep=02 t=0031] choose_plan=3 action=1 reward=0.000 info={'src_file': 'apt_attack_path_1.json', 'orig_step': 45, 'zone': 'operational_zone_a_subnet', 'action': 'Sleep', 'success': 'UNKNOWN', 'target_host': 'operational_zone_a_subnet_server_host_0', 'risk': 0.24000000000000002}
[ep=02 t=0032] choose_plan=4 action=4 reward=0.000 info={'src_file': 'apt_attack_path_1.json', 'orig_step': 46, 'zone': 'operational_zone_a_subnet', 'action': 'Sleep', 'success': 'UNKNOWN', 'target_host': 'operational_zone_a_subnet_server_host_0', 'risk': 0.22000000000000003}
[ep=02 t=0033] choose_plan=1 action=1 reward=0.000 info={'src_file': 'apt_attack_path_1.json', 'orig_step': 47, 'zone': 'operational_zone_a_subnet', 'action': 'Withdraw', 'success': 'TRUE', 'target_host': 'operational_zone_a_subnet_server_host_0', 'risk': 0.12000000000000002}
[ep=02 t=0034] choose_plan=1 action=0 reward=0.000 info={'src_file': 'apt_attack_path_1.json', 'orig_step': 48, 'zone': 'operational_zone_a_subnet', 'action': 'Sleep', 'success': 'UNKNOWN', 'target_host': 'operational_zone_a_subnet_server_host_0', 'risk': 0.10000000000000002}
[ep=02 t=0035] choose_plan=1 action=4 reward=0.000 info={'src_file': 'apt_attack_path_1.json', 'orig_step': 49, 'zone': 'operational_zone_a_subnet', 'action': 'Sleep', 'success': 'UNKNOWN', 'target_host': 'operational_zone_a_subnet_server_host_0', 'risk': 0.08000000000000002}
[ep=02 t=0036] choose_plan=0 action=4 reward=0.000 info={'src_file': 'apt_attack_path_1.json', 'orig_step': 50, 'zone': 'operational_zone_a_subnet', 'action': 'Sleep', 'success': 'UNKNOWN', 'target_host': 'operational_zone_a_subnet_server_host_0', 'risk': 0.06000000000000001}
[ep=02 t=0037] choose_plan=4 action=4 reward=0.000 info={'src_file': 'apt_attack_path_2.json', 'orig_step': 17, 'zone': 'restricted_zone_a_subnet', 'action': 'AggressiveServiceDiscovery', 'success': 'TRUE', 'target_host': 'restricted_zone_a_subnet_server_host_0', 'risk': 0.09000000000000001}
[ep=02 t=0038] choose_plan=4 action=4 reward=0.000 info={'src_file': 'apt_attack_path_2.json', 'orig_step': 18, 'zone': 'restricted_zone_a_subnet', 'action': 'ExploitRemoteService', 'success': 'TRUE', 'target_host': 'restricted_zone_a_subnet_server_host_0', 'risk': 0.17}
[ep=02 t=0039] choose_plan=2 action=0 reward=0.000 info={'src_file': 'apt_attack_path_2.json', 'orig_step': 19, 'zone': 'restricted_zone_a_subnet', 'action': 'Sleep', 'success': 'UNKNOWN', 'target_host': 'restricted_zone_a_subnet_server_host_0', 'risk': 0.15000000000000002}
[ep=02 t=0040] choose_plan=2 action=0 reward=0.000 info={'src_file': 'apt_attack_path_2.json', 'orig_step': 20, 'zone': 'restricted_zone_a_subnet', 'action': 'Sleep', 'success': 'UNKNOWN', 'target_host': 'restricted_zone_a_subnet_server_host_0', 'risk': 0.13000000000000003}
[ep=02 t=0041] choose_plan=2 action=0 reward=0.000 info={'src_file': 'apt_attack_path_2.json', 'orig_step': 21, 'zone': 'restricted_zone_a_subnet', 'action': 'Sleep', 'success': 'UNKNOWN', 'target_host': 'restricted_zone_a_subnet_server_host_0', 'risk': 0.11000000000000003}
[ep=02 t=0042] choose_plan=2 action=0 reward=0.000 info={'src_file': 'apt_attack_path_2.json', 'orig_step': 22, 'zone': 'restricted_zone_a_subnet', 'action': 'Sleep', 'success': 'UNKNOWN', 'target_host': 'restricted_zone_a_subnet_server_host_0', 'risk': 0.09000000000000002}
[ep=02 t=0043] choose_plan=1 action=4 reward=0.000 info={'src_file': 'apt_attack_path_2.json', 'orig_step': 23, 'zone': 'restricted_zone_a_subnet', 'action': 'Sleep', 'success': 'UNKNOWN', 'target_host': 'restricted_zone_a_subnet_server_host_0', 'risk': 0.07000000000000002}
[ep=02 t=0044] choose_plan=3 action=0 reward=0.000 info={'src_file': 'apt_attack_path_2.json', 'orig_step': 24, 'zone': 'restricted_zone_a_subnet', 'action': 'PrivilegeEscalate', 'success': 'TRUE', 'target_host': 'restricted_zone_a_subnet_server_host_0', 'risk': 0.13}
[ep=02 t=0045] choose_plan=2 action=0 reward=0.000 info={'src_file': 'apt_attack_path_2.json', 'orig_step': 25, 'zone': 'restricted_zone_a_subnet', 'action': 'Sleep', 'success': 'UNKNOWN', 'target_host': 'restricted_zone_a_subnet_server_host_0', 'risk': 0.11}
[ep=02 t=0046] choose_plan=3 action=0 reward=0.000 info={'src_file': 'apt_attack_path_2.json', 'orig_step': 26, 'zone': 'restricted_zone_a_subnet', 'action': 'Impact', 'success': 'TRUE', 'target_host': 'restricted_zone_a_subnet_server_host_0', 'risk': 0.26}
[ep=02 t=0047] choose_plan=5 action=4 reward=0.000 info={'src_file': 'apt_attack_path_2.json', 'orig_step': 27, 'zone': 'restricted_zone_a_subnet', 'action': 'Sleep', 'success': 'UNKNOWN', 'target_host': 'restricted_zone_a_subnet_server_host_0', 'risk': 0.24000000000000002}
[ep=02 t=0048] choose_plan=5 action=0 reward=0.000 info={'src_file': 'apt_attack_path_2.json', 'orig_step': 28, 'zone': 'restricted_zone_a_subnet', 'action': 'Sleep', 'success': 'UNKNOWN', 'target_host': 'restricted_zone_a_subnet_server_host_0', 'risk': 0.22000000000000003}
[ep=02 t=0049] choose_plan=5 action=0 reward=0.000 info={'src_file': 'apt_attack_path_2.json', 'orig_step': 29, 'zone': 'restricted_zone_a_subnet', 'action': 'Sleep', 'success': 'UNKNOWN', 'target_host': 'restricted_zone_a_subnet_server_host_0', 'risk': 0.20000000000000004}
[ep=02 t=0050] choose_plan=3 action=0 reward=0.000 info={'src_file': 'apt_attack_path_2.json', 'orig_step': 30, 'zone': 'restricted_zone_a_subnet', 'action': 'Sleep', 'success': 'UNKNOWN', 'target_host': 'restricted_zone_a_subnet_server_host_0', 'risk': 0.18000000000000005}
[ep=02 t=0051] choose_plan=3 action=2 reward=0.000 info={'src_file': 'apt_attack_path_2.json', 'orig_step': 31, 'zone': 'restricted_zone_a_subnet', 'action': 'Sleep', 'success': 'UNKNOWN', 'target_host': 'restricted_zone_a_subnet_server_host_0', 'risk': 0.16000000000000006}
[ep=02 t=0052] choose_plan=2 action=4 reward=0.000 info={'src_file': 'apt_attack_path_2.json', 'orig_step': 32, 'zone': 'restricted_zone_a_subnet', 'action': 'Sleep', 'success': 'UNKNOWN', 'target_host': 'restricted_zone_a_subnet_server_host_0', 'risk': 0.14000000000000007}
[ep=02 t=0053] choose_plan=1 action=4 reward=0.000 info={'src_file': 'apt_attack_path_2.json', 'orig_step': 33, 'zone': 'restricted_zone_a_subnet', 'action': 'Sleep', 'success': 'UNKNOWN', 'target_host': 'restricted_zone_a_subnet_server_host_0', 'risk': 0.12000000000000006}
[ep=02 t=0054] choose_plan=0 action=0 reward=0.000 info={'src_file': 'apt_attack_path_2.json', 'orig_step': 34, 'zone': 'restricted_zone_a_subnet', 'action': 'Sleep', 'success': 'UNKNOWN', 'target_host': 'restricted_zone_a_subnet_server_host_0', 'risk': 0.10000000000000006}
[ep=02 t=0055] choose_plan=4 action=4 reward=0.000 info={'src_file': 'apt_attack_path_2.json', 'orig_step': 35, 'zone': 'restricted_zone_a_subnet', 'action': 'Withdraw', 'success': 'TRUE', 'target_host': 'restricted_zone_a_subnet_server_host_0', 'risk': 5.551115123125783e-17}
[ep=02 t=0056] choose_plan=3 action=0 reward=0.000 info={'src_file': 'apt_attack_path_2.json', 'orig_step': 36, 'zone': 'restricted_zone_a_subnet', 'action': 'Sleep', 'success': 'UNKNOWN', 'target_host': 'restricted_zone_a_subnet_server_host_0', 'risk': 0.0}
[ep=02 t=0057] choose_plan=3 action=0 reward=0.000 info={'src_file': 'apt_attack_path_2.json', 'orig_step': 37, 'zone': 'restricted_zone_a_subnet', 'action': 'Sleep', 'success': 'UNKNOWN', 'target_host': 'restricted_zone_a_subnet_server_host_0', 'risk': 0.0}
[ep=02 t=0058] choose_plan=1 action=0 reward=0.000 info={'src_file': 'apt_attack_path_2.json', 'orig_step': 38, 'zone': 'restricted_zone_a_subnet', 'action': 'Sleep', 'success': 'UNKNOWN', 'target_host': 'restricted_zone_a_subnet_server_host_0', 'risk': 0.0}
[ep=02 t=0059] choose_plan=2 action=0 reward=0.000 info={'src_file': 'apt_attack_path_2.json', 'orig_step': 39, 'zone': 'restricted_zone_a_subnet', 'action': 'Sleep', 'success': 'UNKNOWN', 'target_host': 'restricted_zone_a_subnet_server_host_0', 'risk': 0.0}
[ep=02 t=0060] choose_plan=5 action=0 reward=0.000 info={'src_file': 'apt_attack_path_2.json', 'orig_step': 40, 'zone': 'restricted_zone_a_subnet', 'action': 'Sleep', 'success': 'UNKNOWN', 'target_host': 'restricted_zone_a_subnet_server_host_0', 'risk': 0.0}
[ep=02 t=0061] choose_plan=0 action=0 reward=0.000 info={'src_file': 'apt_attack_path_4.json', 'orig_step': 14, 'zone': 'restricted_zone_a_subnet', 'action': 'AggressiveServiceDiscovery', 'success': 'TRUE', 'target_host': 'restricted_zone_a_subnet_server_host_0', 'risk': 0.03}
[ep=02 t=0062] choose_plan=5 action=2 reward=0.000 info={'src_file': 'apt_attack_path_4.json', 'orig_step': 15, 'zone': 'restricted_zone_a_subnet', 'action': 'Sleep', 'success': 'UNKNOWN', 'target_host': 'restricted_zone_a_subnet_server_host_0', 'risk': 0.009999999999999998}
[ep=02 t=0063] choose_plan=3 action=0 reward=0.000 info={'src_file': 'apt_attack_path_4.json', 'orig_step': 16, 'zone': 'restricted_zone_a_subnet', 'action': 'Sleep', 'success': 'UNKNOWN', 'target_host': 'restricted_zone_a_subnet_server_host_0', 'risk': 0.0}
[ep=02 t=0064] choose_plan=3 action=0 reward=0.000 info={'src_file': 'apt_attack_path_4.json', 'orig_step': 17, 'zone': 'restricted_zone_a_subnet', 'action': 'ExploitRemoteService', 'success': 'TRUE', 'target_host': 'restricted_zone_a_subnet_server_host_0', 'risk': 0.08}
[ep=02 t=0065] choose_plan=0 action=0 reward=0.000 info={'src_file': 'apt_attack_path_4.json', 'orig_step': 18, 'zone': 'restricted_zone_a_subnet', 'action': 'Sleep', 'success': 'UNKNOWN', 'target_host': 'restricted_zone_a_subnet_server_host_0', 'risk': 0.06}
[ep=02 t=0066] choose_plan=1 action=0 reward=0.000 info={'src_file': 'apt_attack_path_4.json', 'orig_step': 19, 'zone': 'restricted_zone_a_subnet', 'action': 'Sleep', 'success': 'UNKNOWN', 'target_host': 'restricted_zone_a_subnet_server_host_0', 'risk': 0.039999999999999994}
[ep=02 t=0067] choose_plan=5 action=4 reward=0.000 info={'src_file': 'apt_attack_path_4.json', 'orig_step': 20, 'zone': 'restricted_zone_a_subnet', 'action': 'PrivilegeEscalate', 'success': 'TRUE', 'target_host': 'restricted_zone_a_subnet_server_host_0', 'risk': 0.09999999999999999}
[ep=02 t=0068] choose_plan=4 action=4 reward=0.000 info={'src_file': 'apt_attack_path_4.json', 'orig_step': 21, 'zone': 'restricted_zone_a_subnet', 'action': 'Sleep', 'success': 'UNKNOWN', 'target_host': 'restricted_zone_a_subnet_server_host_0', 'risk': 0.07999999999999999}
[ep=02 t=0069] choose_plan=2 action=3 reward=0.000 info={'src_file': 'apt_attack_path_4.json', 'orig_step': 22, 'zone': 'restricted_zone_a_subnet', 'action': 'DegradeServices', 'success': 'TRUE', 'target_host': 'restricted_zone_a_subnet_server_host_0', 'risk': 0.22999999999999998}
[ep=02 t=0070] choose_plan=4 action=0 reward=0.000 info={'src_file': 'apt_attack_path_4.json', 'orig_step': 23, 'zone': 'restricted_zone_a_subnet', 'action': 'Sleep', 'success': 'UNKNOWN', 'target_host': 'restricted_zone_a_subnet_server_host_0', 'risk': 0.21}
[ep=02 t=0071] choose_plan=3 action=2 reward=0.000 info={'src_file': 'apt_attack_path_4.json', 'orig_step': 24, 'zone': 'restricted_zone_a_subnet', 'action': 'Sleep', 'success': 'UNKNOWN', 'target_host': 'restricted_zone_a_subnet_server_host_0', 'risk': 0.19}
[ep=02 t=0072] choose_plan=3 action=4 reward=0.000 info={'src_file': 'apt_attack_path_5.json', 'orig_step': 15, 'zone': 'restricted_zone_a_subnet', 'action': 'AggressiveServiceDiscovery', 'success': 'TRUE', 'target_host': 'restricted_zone_a_subnet_server_host_0', 'risk': 0.22}
[ep=02 t=0073] choose_plan=4 action=4 reward=0.000 info={'src_file': 'apt_attack_path_5.json', 'orig_step': 16, 'zone': 'restricted_zone_a_subnet', 'action': 'Sleep', 'success': 'UNKNOWN', 'target_host': 'restricted_zone_a_subnet_server_host_0', 'risk': 0.2}
[ep=02 t=0074] choose_plan=5 action=0 reward=0.000 info={'src_file': 'apt_attack_path_5.json', 'orig_step': 17, 'zone': 'restricted_zone_a_subnet', 'action': 'Sleep', 'success': 'UNKNOWN', 'target_host': 'restricted_zone_a_subnet_server_host_0', 'risk': 0.18000000000000002}
[ep=02 t=0075] choose_plan=5 action=0 reward=0.000 info={'src_file': 'apt_attack_path_5.json', 'orig_step': 18, 'zone': 'restricted_zone_a_subnet', 'action': 'Sleep', 'success': 'UNKNOWN', 'target_host': 'restricted_zone_a_subnet_server_host_0', 'risk': 0.16000000000000003}
[ep=02 t=0076] choose_plan=4 action=0 reward=0.000 info={'src_file': 'apt_attack_path_5.json', 'orig_step': 19, 'zone': 'restricted_zone_a_subnet', 'action': 'ExploitRemoteService', 'success': 'TRUE', 'target_host': 'restricted_zone_a_subnet_server_host_0', 'risk': 0.24000000000000005}
[ep=02 t=0077] choose_plan=0 action=0 reward=0.000 info={'src_file': 'apt_attack_path_5.json', 'orig_step': 20, 'zone': 'restricted_zone_a_subnet', 'action': 'Sleep', 'success': 'UNKNOWN', 'target_host': 'restricted_zone_a_subnet_server_host_0', 'risk': 0.22000000000000006}
[ep=02 t=0078] choose_plan=5 action=0 reward=0.000 info={'src_file': 'apt_attack_path_5.json', 'orig_step': 21, 'zone': 'restricted_zone_a_subnet', 'action': 'Sleep', 'success': 'UNKNOWN', 'target_host': 'restricted_zone_a_subnet_server_host_0', 'risk': 0.20000000000000007}
[ep=02 t=0079] choose_plan=4 action=4 reward=0.000 info={'src_file': 'apt_attack_path_5.json', 'orig_step': 22, 'zone': 'restricted_zone_a_subnet', 'action': 'Sleep', 'success': 'UNKNOWN', 'target_host': 'restricted_zone_a_subnet_server_host_0', 'risk': 0.18000000000000008}
[ep=02 t=0080] choose_plan=3 action=0 reward=0.000 info={'src_file': 'apt_attack_path_5.json', 'orig_step': 23, 'zone': 'restricted_zone_a_subnet', 'action': 'PrivilegeEscalate', 'success': 'TRUE', 'target_host': 'restricted_zone_a_subnet_server_host_0', 'risk': 0.24000000000000007}
[ep=02 t=0081] choose_plan=5 action=0 reward=0.000 info={'src_file': 'apt_attack_path_5.json', 'orig_step': 24, 'zone': 'restricted_zone_a_subnet', 'action': 'Sleep', 'success': 'UNKNOWN', 'target_host': 'restricted_zone_a_subnet_server_host_0', 'risk': 0.22000000000000008}
[ep=02 t=0082] choose_plan=4 action=4 reward=0.000 info={'src_file': 'apt_attack_path_5.json', 'orig_step': 25, 'zone': 'restricted_zone_a_subnet', 'action': 'Sleep', 'success': 'UNKNOWN', 'target_host': 'restricted_zone_a_subnet_server_host_0', 'risk': 0.2000000000000001}
[ep=02 t=0083] choose_plan=5 action=0 reward=0.000 info={'src_file': 'apt_attack_path_5.json', 'orig_step': 26, 'zone': 'restricted_zone_a_subnet', 'action': 'Sleep', 'success': 'UNKNOWN', 'target_host': 'restricted_zone_a_subnet_server_host_0', 'risk': 0.1800000000000001}
[ep=02 t=0084] choose_plan=5 action=0 reward=0.000 info={'src_file': 'apt_attack_path_5.json', 'orig_step': 27, 'zone': 'restricted_zone_a_subnet', 'action': 'Impact', 'success': 'TRUE', 'target_host': 'restricted_zone_a_subnet_server_host_0', 'risk': 0.33000000000000007}
[ep=02 t=0085] choose_plan=0 action=0 reward=0.000 info={'src_file': 'apt_attack_path_5.json', 'orig_step': 28, 'zone': 'restricted_zone_a_subnet', 'action': 'Sleep', 'success': 'UNKNOWN', 'target_host': 'restricted_zone_a_subnet_server_host_0', 'risk': 0.31000000000000005}
[ep=02 t=0086] choose_plan=2 action=0 reward=0.000 info={'src_file': 'apt_attack_path_5.json', 'orig_step': 29, 'zone': 'restricted_zone_a_subnet', 'action': 'Withdraw', 'success': 'TRUE', 'target_host': 'restricted_zone_a_subnet_server_host_0', 'risk': 0.21000000000000005}
[ep=02 t=0087] choose_plan=2 action=4 reward=0.000 info={'src_file': 'apt_attack_path_5.json', 'orig_step': 30, 'zone': 'restricted_zone_a_subnet', 'action': 'Sleep', 'success': 'UNKNOWN', 'target_host': 'restricted_zone_a_subnet_server_host_0', 'risk': 0.19000000000000006}
[ep=02 t=0088] choose_plan=1 action=4 reward=0.000 info={'src_file': 'apt_attack_path_5.json', 'orig_step': 31, 'zone': 'restricted_zone_a_subnet', 'action': 'Sleep', 'success': 'UNKNOWN', 'target_host': 'restricted_zone_a_subnet_server_host_0', 'risk': 0.17000000000000007}
[ep=02 t=0089] choose_plan=2 action=3 reward=0.000 info={'src_file': 'apt_attack_path_5.json', 'orig_step': 32, 'zone': 'restricted_zone_a_subnet', 'action': 'Sleep', 'success': 'UNKNOWN', 'target_host': 'restricted_zone_a_subnet_server_host_0', 'risk': 0.15000000000000008}
[ep=02 t=0090] choose_plan=5 action=4 reward=0.000 info={'src_file': 'apt_attack_path_7.json', 'orig_step': 15, 'zone': 'restricted_zone_a_subnet', 'action': 'AggressiveServiceDiscovery', 'success': 'TRUE', 'target_host': 'restricted_zone_a_subnet_server_host_0', 'risk': 0.18000000000000008}
[ep=02 t=0091] choose_plan=5 action=4 reward=0.000 info={'src_file': 'apt_attack_path_7.json', 'orig_step': 16, 'zone': 'restricted_zone_a_subnet', 'action': 'Sleep', 'success': 'UNKNOWN', 'target_host': 'restricted_zone_a_subnet_server_host_0', 'risk': 0.1600000000000001}
[ep=02 t=0092] choose_plan=2 action=2 reward=0.000 info={'src_file': 'apt_attack_path_7.json', 'orig_step': 17, 'zone': 'restricted_zone_a_subnet', 'action': 'ExploitRemoteService', 'success': 'TRUE', 'target_host': 'restricted_zone_a_subnet_server_host_0', 'risk': 0.2400000000000001}
[ep=02 t=0093] choose_plan=3 action=3 reward=0.000 info={'src_file': 'apt_attack_path_7.json', 'orig_step': 18, 'zone': 'restricted_zone_a_subnet', 'action': 'Sleep', 'success': 'UNKNOWN', 'target_host': 'restricted_zone_a_subnet_server_host_0', 'risk': 0.2200000000000001}
[ep=02 t=0094] choose_plan=0 action=0 reward=0.000 info={'src_file': 'apt_attack_path_7.json', 'orig_step': 19, 'zone': 'restricted_zone_a_subnet', 'action': 'Sleep', 'success': 'UNKNOWN', 'target_host': 'restricted_zone_a_subnet_server_host_0', 'risk': 0.20000000000000012}
[ep=02 t=0095] choose_plan=2 action=3 reward=0.000 info={'src_file': 'apt_attack_path_7.json', 'orig_step': 20, 'zone': 'restricted_zone_a_subnet', 'action': 'Sleep', 'success': 'UNKNOWN', 'target_host': 'restricted_zone_a_subnet_server_host_0', 'risk': 0.18000000000000013}
[ep=02 t=0096] choose_plan=3 action=0 reward=0.000 info={'src_file': 'apt_attack_path_7.json', 'orig_step': 21, 'zone': 'restricted_zone_a_subnet', 'action': 'PrivilegeEscalate', 'success': 'TRUE', 'target_host': 'restricted_zone_a_subnet_server_host_0', 'risk': 0.24000000000000013}
[ep=02 t=0097] choose_plan=2 action=0 reward=0.000 info={'src_file': 'apt_attack_path_7.json', 'orig_step': 22, 'zone': 'restricted_zone_a_subnet', 'action': 'Sleep', 'success': 'UNKNOWN', 'target_host': 'restricted_zone_a_subnet_server_host_0', 'risk': 0.22000000000000014}
[ep=02 t=0098] choose_plan=4 action=0 reward=0.000 info={'src_file': 'apt_attack_path_7.json', 'orig_step': 23, 'zone': 'restricted_zone_a_subnet', 'action': 'Sleep', 'success': 'UNKNOWN', 'target_host': 'restricted_zone_a_subnet_server_host_0', 'risk': 0.20000000000000015}
[ep=02 t=0099] choose_plan=2 action=0 reward=0.000 info={'src_file': 'apt_attack_path_7.json', 'orig_step': 24, 'zone': 'restricted_zone_a_subnet', 'action': 'Withdraw', 'success': 'TRUE', 'target_host': 'restricted_zone_a_subnet_server_host_0', 'risk': 0.10000000000000014}
# episode_summary {"episode": 2, "reward_mean": 0.0, "reward_min": 0.0, "reward_max": 0.0, "steps": 100, "unique_actions": 5, "top5_actions": [[0, 61], [4, 27], [3, 6], [2, 4], [1, 2]]}

# ===== OVERALL =====
# overall_summary {"reward_mean": 0.0, "reward_min": 0.0, "reward_max": 0.0, "steps": 300, "unique_actions": 5, "top5_actions": [[0, 178], [4, 75], [2, 20], [3, 20], [1, 7]], "unique_choose_plan": 6, "top5_choose_plan": [[1, 57], [0, 56], [2, 54], [4, 45], [5, 44]]}
